

================================================================
== Vivado HLS Report for 'vector_multiply_hw'
================================================================
* Date:           Sun Dec 11 17:08:41 2022

* Version:        2018.3 (Build 2405991 on Thu Dec 06 23:56:15 MST 2018)
* Project:        Acceleration_core
* Solution:       solution1
* Product family: zynq
* Target device:  xc7z007sclg225-1


================================================================
== Performance Estimates
================================================================
+ Timing (ns): 
    * Summary: 
    +--------+-------+----------+------------+
    |  Clock | Target| Estimated| Uncertainty|
    +--------+-------+----------+------------+
    |ap_clk  |  10.00|     7.256|        1.25|
    +--------+-------+----------+------------+

+ Latency (clock cycles): 
    * Summary: 
    +------+------+------+------+---------+
    |   Latency   |   Interval  | Pipeline|
    |  min |  max |  min |  max |   Type  |
    +------+------+------+------+---------+
    |  8625|  8625|  8625|  8625|   none  |
    +------+------+------+------+---------+

    + Detail: 
        * Instance: 
        N/A

        * Loop: 
        +----------+------+------+----------+-----------+-----------+------+----------+
        |          |   Latency   | Iteration|  Initiation Interval  | Trip |          |
        | Loop Name|  min |  max |  Latency |  achieved |   target  | Count| Pipelined|
        +----------+------+------+----------+-----------+-----------+------+----------+
        |- Loop 1  |  8624|  8624|        11|          -|          -|   784|    no    |
        +----------+------+------+----------+-----------+-----------+------+----------+



================================================================
== Utilization Estimates
================================================================
* Summary: 
+-----------------+---------+-------+-------+-------+
|       Name      | BRAM_18K| DSP48E|   FF  |  LUT  |
+-----------------+---------+-------+-------+-------+
|DSP              |        -|      -|      -|      -|
|Expression       |        -|      -|      0|     27|
|FIFO             |        -|      -|      -|      -|
|Instance         |        -|      5|    348|    711|
|Memory           |        -|      -|      -|      -|
|Multiplexer      |        -|      -|      -|     83|
|Register         |        -|      -|    192|      -|
+-----------------+---------+-------+-------+-------+
|Total            |        0|      5|    540|    821|
+-----------------+---------+-------+-------+-------+
|Available        |      100|     66|  28800|  14400|
+-----------------+---------+-------+-------+-------+
|Utilization (%)  |        0|      7|      1|      5|
+-----------------+---------+-------+-------+-------+

+ Detail: 
    * Instance: 
    +-------------------------+----------------------+---------+-------+-----+-----+
    |         Instance        |        Module        | BRAM_18K| DSP48E|  FF | LUT |
    +-------------------------+----------------------+---------+-------+-----+-----+
    |mult_accel_core_cbkb_U8  |mult_accel_core_cbkb  |        0|      2|  205|  390|
    |mult_accel_core_ccud_U9  |mult_accel_core_ccud  |        0|      3|  143|  321|
    +-------------------------+----------------------+---------+-------+-----+-----+
    |Total                    |                      |        0|      5|  348|  711|
    +-------------------------+----------------------+---------+-------+-----+-----+

    * DSP48: 
    N/A

    * Memory: 
    N/A

    * FIFO: 
    N/A

    * Expression: 
    +-------------------+----------+-------+---+----+------------+------------+
    |   Variable Name   | Operation| DSP48E| FF| LUT| Bitwidth P0| Bitwidth P1|
    +-------------------+----------+-------+---+----+------------+------------+
    |i_1_fu_82_p2       |     +    |      0|  0|  14|          10|           1|
    |exitcond_fu_76_p2  |   icmp   |      0|  0|  13|          10|           9|
    +-------------------+----------+-------+---+----+------------+------------+
    |Total              |          |      0|  0|  27|          20|          10|
    +-------------------+----------+-------+---+----+------------+------------+

    * Multiplexer: 
    +-------------------------+----+-----------+-----+-----------+
    |           Name          | LUT| Input Size| Bits| Total Bits|
    +-------------------------+----+-----------+-----+-----------+
    |ap_NS_fsm                |  56|         13|    1|         13|
    |ap_return                |   9|          2|   32|         64|
    |i_reg_56                 |   9|          2|   10|         20|
    |out_write_assign_reg_44  |   9|          2|   32|         64|
    +-------------------------+----+-----------+-----+-----------+
    |Total                    |  83|         19|   75|        161|
    +-------------------------+----+-----------+-----+-----------+

    * Register: 
    +-------------------------+----+----+-----+-----------+
    |           Name          | FF | LUT| Bits| Const Bits|
    +-------------------------+----+----+-----+-----------+
    |a_load_reg_112           |  32|   0|   32|          0|
    |ap_CS_fsm                |  12|   0|   12|          0|
    |ap_return_preg           |  32|   0|   32|          0|
    |b_load_reg_117           |  32|   0|   32|          0|
    |i_1_reg_97               |  10|   0|   10|          0|
    |i_reg_56                 |  10|   0|   10|          0|
    |out_write_assign_reg_44  |  32|   0|   32|          0|
    |tmp_1_reg_122            |  32|   0|   32|          0|
    +-------------------------+----+----+-----+-----------+
    |Total                    | 192|   0|  192|          0|
    +-------------------------+----+----+-----+-----------+



================================================================
== Interface
================================================================
* Summary: 
+------------+-----+-----+------------+--------------------+--------------+
|  RTL Ports | Dir | Bits|  Protocol  |    Source Object   |    C Type    |
+------------+-----+-----+------------+--------------------+--------------+
|ap_clk      |  in |    1| ap_ctrl_hs | vector_multiply_hw | return value |
|ap_rst      |  in |    1| ap_ctrl_hs | vector_multiply_hw | return value |
|ap_start    |  in |    1| ap_ctrl_hs | vector_multiply_hw | return value |
|ap_done     | out |    1| ap_ctrl_hs | vector_multiply_hw | return value |
|ap_idle     | out |    1| ap_ctrl_hs | vector_multiply_hw | return value |
|ap_ready    | out |    1| ap_ctrl_hs | vector_multiply_hw | return value |
|ap_return   | out |   32| ap_ctrl_hs | vector_multiply_hw | return value |
|a_address0  | out |   10|  ap_memory |          a         |     array    |
|a_ce0       | out |    1|  ap_memory |          a         |     array    |
|a_q0        |  in |   32|  ap_memory |          a         |     array    |
|b_address0  | out |   10|  ap_memory |          b         |     array    |
|b_ce0       | out |    1|  ap_memory |          b         |     array    |
|b_q0        |  in |   32|  ap_memory |          b         |     array    |
+------------+-----+-----+------------+--------------------+--------------+

============================================================
+ Verbose Summary: Synthesis Manager
============================================================
InlineROM: 1
ExposeGlobal: 0
============================================================
+ Verbose Summary: CDFG Model
============================================================
IsTopModel: 0
ResetActiveHigh: 1
IsCombinational: 2
IsDatapathOnly: 2
HasWiredReturn: 1
HasMFsm: 0
HasVarLatency: 1
IsPipeline: 0
IsRtlPipelined: 0
IsInstanceOverlapped: 0
IsDontTouch: 0
HasImplIP: 0
IsGatedGlobalClock: 0


============================================================
+ Verbose Summary: Schedule
============================================================
* Number of FSM states : 12
* Pipeline : 0
* Dataflow Pipeline: 0

* FSM state transitions: 
1 --> 
	2  / true
2 --> 
	3  / (!exitcond)
3 --> 
	4  / true
4 --> 
	5  / true
5 --> 
	6  / true
6 --> 
	7  / true
7 --> 
	8  / true
8 --> 
	9  / true
9 --> 
	10  / true
10 --> 
	11  / true
11 --> 
	12  / true
12 --> 
	2  / true

* FSM state operations: 

State 1 <SV = 0> <Delay = 1.76>
ST_1 : Operation 13 [1/1] (1.76ns)   --->   "br label %1" [vector_mult_c_HLS/accelerator_core.cpp:43]   --->   Operation 13 'br' <Predicate = true> <Delay = 1.76>

State 2 <SV = 1> <Delay = 3.25>
ST_2 : Operation 14 [1/1] (0.00ns)   --->   "%out_write_assign = phi float [ 0.000000e+00, %0 ], [ %sum, %2 ]"   --->   Operation 14 'phi' 'out_write_assign' <Predicate = true> <Delay = 0.00>
ST_2 : Operation 15 [1/1] (0.00ns)   --->   "%i = phi i10 [ 0, %0 ], [ %i_1, %2 ]"   --->   Operation 15 'phi' 'i' <Predicate = true> <Delay = 0.00>
ST_2 : Operation 16 [1/1] (1.77ns)   --->   "%exitcond = icmp eq i10 %i, -240" [vector_mult_c_HLS/accelerator_core.cpp:43]   --->   Operation 16 'icmp' 'exitcond' <Predicate = true> <Delay = 1.77> <Core = "Cmp">   --->   Core 25 'Cmp' <Latency = 0> <II = 1> <Delay = 1.77> <FuncUnit> <Opcode : 'icmp'> <InPorts = 2> <OutPorts = 1>
ST_2 : Operation 17 [1/1] (0.00ns)   --->   "%empty = call i32 (...)* @_ssdm_op_SpecLoopTripCount(i64 784, i64 784, i64 784)"   --->   Operation 17 'speclooptripcount' 'empty' <Predicate = true> <Delay = 0.00>
ST_2 : Operation 18 [1/1] (1.73ns)   --->   "%i_1 = add i10 %i, 1" [vector_mult_c_HLS/accelerator_core.cpp:43]   --->   Operation 18 'add' 'i_1' <Predicate = true> <Delay = 1.73> <Core = "AddSub">   --->   Core 14 'AddSub' <Latency = 0> <II = 1> <Delay = 1.73> <FuncUnit> <Opcode : 'add' 'sub'> <InPorts = 2> <OutPorts = 1>
ST_2 : Operation 19 [1/1] (0.00ns)   --->   "br i1 %exitcond, label %3, label %2" [vector_mult_c_HLS/accelerator_core.cpp:43]   --->   Operation 19 'br' <Predicate = true> <Delay = 0.00>
ST_2 : Operation 20 [1/1] (0.00ns)   --->   "%tmp = zext i10 %i to i64" [vector_mult_c_HLS/accelerator_core.cpp:44]   --->   Operation 20 'zext' 'tmp' <Predicate = (!exitcond)> <Delay = 0.00>
ST_2 : Operation 21 [1/1] (0.00ns)   --->   "%a_addr = getelementptr [784 x float]* %a, i64 0, i64 %tmp" [vector_mult_c_HLS/accelerator_core.cpp:44]   --->   Operation 21 'getelementptr' 'a_addr' <Predicate = (!exitcond)> <Delay = 0.00>
ST_2 : Operation 22 [2/2] (3.25ns)   --->   "%a_load = load float* %a_addr, align 4" [vector_mult_c_HLS/accelerator_core.cpp:44]   --->   Operation 22 'load' 'a_load' <Predicate = (!exitcond)> <Delay = 3.25> <Core = "RAM">   --->   Core 37 'RAM' <Latency = 1> <II = 1> <Delay = 3.25> <Storage> <Opcode : 'load' 'store'> <Ports = 2> <Width = 32> <Depth = 784> <RAM>
ST_2 : Operation 23 [1/1] (0.00ns)   --->   "%b_addr = getelementptr [784 x float]* %b, i64 0, i64 %tmp" [vector_mult_c_HLS/accelerator_core.cpp:44]   --->   Operation 23 'getelementptr' 'b_addr' <Predicate = (!exitcond)> <Delay = 0.00>
ST_2 : Operation 24 [2/2] (3.25ns)   --->   "%b_load = load float* %b_addr, align 4" [vector_mult_c_HLS/accelerator_core.cpp:44]   --->   Operation 24 'load' 'b_load' <Predicate = (!exitcond)> <Delay = 3.25> <Core = "RAM">   --->   Core 37 'RAM' <Latency = 1> <II = 1> <Delay = 3.25> <Storage> <Opcode : 'load' 'store'> <Ports = 2> <Width = 32> <Depth = 784> <RAM>
ST_2 : Operation 25 [1/1] (0.00ns)   --->   "ret float %out_write_assign" [vector_mult_c_HLS/accelerator_core.cpp:46]   --->   Operation 25 'ret' <Predicate = (exitcond)> <Delay = 0.00>

State 3 <SV = 2> <Delay = 3.25>
ST_3 : Operation 26 [1/2] (3.25ns)   --->   "%a_load = load float* %a_addr, align 4" [vector_mult_c_HLS/accelerator_core.cpp:44]   --->   Operation 26 'load' 'a_load' <Predicate = true> <Delay = 3.25> <Core = "RAM">   --->   Core 37 'RAM' <Latency = 1> <II = 1> <Delay = 3.25> <Storage> <Opcode : 'load' 'store'> <Ports = 2> <Width = 32> <Depth = 784> <RAM>
ST_3 : Operation 27 [1/2] (3.25ns)   --->   "%b_load = load float* %b_addr, align 4" [vector_mult_c_HLS/accelerator_core.cpp:44]   --->   Operation 27 'load' 'b_load' <Predicate = true> <Delay = 3.25> <Core = "RAM">   --->   Core 37 'RAM' <Latency = 1> <II = 1> <Delay = 3.25> <Storage> <Opcode : 'load' 'store'> <Ports = 2> <Width = 32> <Depth = 784> <RAM>

State 4 <SV = 3> <Delay = 5.70>
ST_4 : Operation 28 [4/4] (5.70ns)   --->   "%tmp_1 = fmul float %a_load, %b_load" [vector_mult_c_HLS/accelerator_core.cpp:44]   --->   Operation 28 'fmul' 'tmp_1' <Predicate = true> <Delay = 5.70> <Core = "FMul">   --->   Core 105 'FMul' <Latency = 3> <II = 1> <Delay = 5.70> <FuncUnit> <Opcode : 'fmul'> <InPorts = 2> <OutPorts = 1>

State 5 <SV = 4> <Delay = 5.70>
ST_5 : Operation 29 [3/4] (5.70ns)   --->   "%tmp_1 = fmul float %a_load, %b_load" [vector_mult_c_HLS/accelerator_core.cpp:44]   --->   Operation 29 'fmul' 'tmp_1' <Predicate = true> <Delay = 5.70> <Core = "FMul">   --->   Core 105 'FMul' <Latency = 3> <II = 1> <Delay = 5.70> <FuncUnit> <Opcode : 'fmul'> <InPorts = 2> <OutPorts = 1>

State 6 <SV = 5> <Delay = 5.70>
ST_6 : Operation 30 [2/4] (5.70ns)   --->   "%tmp_1 = fmul float %a_load, %b_load" [vector_mult_c_HLS/accelerator_core.cpp:44]   --->   Operation 30 'fmul' 'tmp_1' <Predicate = true> <Delay = 5.70> <Core = "FMul">   --->   Core 105 'FMul' <Latency = 3> <II = 1> <Delay = 5.70> <FuncUnit> <Opcode : 'fmul'> <InPorts = 2> <OutPorts = 1>

State 7 <SV = 6> <Delay = 5.70>
ST_7 : Operation 31 [1/4] (5.70ns)   --->   "%tmp_1 = fmul float %a_load, %b_load" [vector_mult_c_HLS/accelerator_core.cpp:44]   --->   Operation 31 'fmul' 'tmp_1' <Predicate = true> <Delay = 5.70> <Core = "FMul">   --->   Core 105 'FMul' <Latency = 3> <II = 1> <Delay = 5.70> <FuncUnit> <Opcode : 'fmul'> <InPorts = 2> <OutPorts = 1>

State 8 <SV = 7> <Delay = 7.25>
ST_8 : Operation 32 [5/5] (7.25ns)   --->   "%sum = fadd float %out_write_assign, %tmp_1" [vector_mult_c_HLS/accelerator_core.cpp:44]   --->   Operation 32 'fadd' 'sum' <Predicate = true> <Delay = 7.25> <Core = "FAddSub">   --->   Core 104 'FAddSub' <Latency = 4> <II = 1> <Delay = 7.25> <FuncUnit> <Opcode : 'fadd' 'fsub'> <InPorts = 2> <OutPorts = 1>

State 9 <SV = 8> <Delay = 7.25>
ST_9 : Operation 33 [4/5] (7.25ns)   --->   "%sum = fadd float %out_write_assign, %tmp_1" [vector_mult_c_HLS/accelerator_core.cpp:44]   --->   Operation 33 'fadd' 'sum' <Predicate = true> <Delay = 7.25> <Core = "FAddSub">   --->   Core 104 'FAddSub' <Latency = 4> <II = 1> <Delay = 7.25> <FuncUnit> <Opcode : 'fadd' 'fsub'> <InPorts = 2> <OutPorts = 1>

State 10 <SV = 9> <Delay = 7.25>
ST_10 : Operation 34 [3/5] (7.25ns)   --->   "%sum = fadd float %out_write_assign, %tmp_1" [vector_mult_c_HLS/accelerator_core.cpp:44]   --->   Operation 34 'fadd' 'sum' <Predicate = true> <Delay = 7.25> <Core = "FAddSub">   --->   Core 104 'FAddSub' <Latency = 4> <II = 1> <Delay = 7.25> <FuncUnit> <Opcode : 'fadd' 'fsub'> <InPorts = 2> <OutPorts = 1>

State 11 <SV = 10> <Delay = 7.25>
ST_11 : Operation 35 [2/5] (7.25ns)   --->   "%sum = fadd float %out_write_assign, %tmp_1" [vector_mult_c_HLS/accelerator_core.cpp:44]   --->   Operation 35 'fadd' 'sum' <Predicate = true> <Delay = 7.25> <Core = "FAddSub">   --->   Core 104 'FAddSub' <Latency = 4> <II = 1> <Delay = 7.25> <FuncUnit> <Opcode : 'fadd' 'fsub'> <InPorts = 2> <OutPorts = 1>

State 12 <SV = 11> <Delay = 7.25>
ST_12 : Operation 36 [1/5] (7.25ns)   --->   "%sum = fadd float %out_write_assign, %tmp_1" [vector_mult_c_HLS/accelerator_core.cpp:44]   --->   Operation 36 'fadd' 'sum' <Predicate = true> <Delay = 7.25> <Core = "FAddSub">   --->   Core 104 'FAddSub' <Latency = 4> <II = 1> <Delay = 7.25> <FuncUnit> <Opcode : 'fadd' 'fsub'> <InPorts = 2> <OutPorts = 1>
ST_12 : Operation 37 [1/1] (0.00ns)   --->   "br label %1" [vector_mult_c_HLS/accelerator_core.cpp:43]   --->   Operation 37 'br' <Predicate = true> <Delay = 0.00>


============================================================
+ Verbose Summary: Binding
============================================================
STG Binding: 
---------------- STG Properties BEGIN ----------------
- Is combinational: 0
- Is one-state seq: 0
- Is datapath-only: 0
- Is pipelined: 0
- Is top level: 0
Port [ Return ] is wired: 1; IO mode=ap_ctrl_hs:ce=0
Port [ a]:  wired=1; compound=1; hidden=0; nouse=0; global=0; static=0; extern=0; dir=0; type=1; pingpong=0; private_global=0; MemPort=[13]; IO mode=ap_memory:ce=0
Port [ b]:  wired=1; compound=1; hidden=0; nouse=0; global=0; static=0; extern=0; dir=0; type=1; pingpong=0; private_global=0; MemPort=[13]; IO mode=ap_memory:ce=0
---------------- STG Properties END ------------------

---------------- Datapath Model BEGIN ----------------

<LifeTime>
<method=bitvector/>
StgValue_13      (br               ) [ 0111111111111]
out_write_assign (phi              ) [ 0011111111111]
i                (phi              ) [ 0010000000000]
exitcond         (icmp             ) [ 0011111111111]
empty            (speclooptripcount) [ 0000000000000]
i_1              (add              ) [ 0111111111111]
StgValue_19      (br               ) [ 0000000000000]
tmp              (zext             ) [ 0000000000000]
a_addr           (getelementptr    ) [ 0001000000000]
b_addr           (getelementptr    ) [ 0001000000000]
StgValue_25      (ret              ) [ 0000000000000]
a_load           (load             ) [ 0000111100000]
b_load           (load             ) [ 0000111100000]
tmp_1            (fmul             ) [ 0000000011111]
sum              (fadd             ) [ 0111111111111]
StgValue_37      (br               ) [ 0111111111111]
</LifeTime>

<model>

<comp_list>
<comp id="0" class="1000" name="a">
<pin_list>
<pin id="1" dir="1" index="0" bw="1" slack="0"/>
</pin_list>
<bind>
<StgValue><ssdm name="a"/><MemPortTyVec>1 3 </MemPortTyVec>
</StgValue>
</bind>
</comp>

<comp id="2" class="1000" name="b">
<pin_list>
<pin id="3" dir="1" index="0" bw="1" slack="0"/>
</pin_list>
<bind>
<StgValue><ssdm name="b"/><MemPortTyVec>1 3 </MemPortTyVec>
</StgValue>
</bind>
</comp>

<comp id="4" class="1001" name="const_4">
<pin_list>
<pin id="5" dir="1" index="0" bw="1" slack="1"/>
</pin_list>
<bind>
<StgValue><ssdm name=""/></StgValue>
</bind>
</comp>

<comp id="6" class="1001" name="const_6">
<pin_list>
<pin id="7" dir="1" index="0" bw="1" slack="1"/>
</pin_list>
<bind>
<StgValue><ssdm name=""/></StgValue>
</bind>
</comp>

<comp id="8" class="1001" name="const_8">
<pin_list>
<pin id="9" dir="1" index="0" bw="1" slack="0"/>
</pin_list>
<bind>
<StgValue><ssdm name=""/></StgValue>
</bind>
</comp>

<comp id="10" class="1001" name="const_10">
<pin_list>
<pin id="11" dir="1" index="0" bw="1" slack="2147483647"/>
</pin_list>
<bind>
<StgValue><ssdm name="_ssdm_op_SpecLoopTripCount"/></StgValue>
</bind>
</comp>

<comp id="12" class="1001" name="const_12">
<pin_list>
<pin id="13" dir="1" index="0" bw="1" slack="2147483647"/>
</pin_list>
<bind>
<StgValue><ssdm name=""/></StgValue>
</bind>
</comp>

<comp id="14" class="1001" name="const_14">
<pin_list>
<pin id="15" dir="1" index="0" bw="1" slack="0"/>
</pin_list>
<bind>
<StgValue><ssdm name=""/></StgValue>
</bind>
</comp>

<comp id="16" class="1001" name="const_16">
<pin_list>
<pin id="17" dir="1" index="0" bw="1" slack="0"/>
</pin_list>
<bind>
<StgValue><ssdm name=""/></StgValue>
</bind>
</comp>

<comp id="18" class="1004" name="a_addr_gep_fu_18">
<pin_list>
<pin id="19" dir="0" index="0" bw="32" slack="0"/>
<pin id="20" dir="0" index="1" bw="1" slack="0"/>
<pin id="21" dir="0" index="2" bw="10" slack="0"/>
<pin id="22" dir="1" index="3" bw="10" slack="0"/>
</pin_list>
<bind>
<opcode="getelementptr(29) " fcode="getelementptr"/>
<opset="a_addr/2 "/>
</bind>
</comp>

<comp id="25" class="1004" name="grp_access_fu_25">
<pin_list>
<pin id="26" dir="0" index="0" bw="10" slack="0"/>
<pin id="27" dir="0" index="1" bw="32" slack="2147483647"/>
<pin id="28" dir="0" index="2" bw="0" slack="2147483647"/>
<pin id="29" dir="1" index="3" bw="32" slack="1"/>
</pin_list>
<bind>
<opcode="load(27) " fcode="load"/>
<opset="a_load/2 "/>
</bind>
</comp>

<comp id="31" class="1004" name="b_addr_gep_fu_31">
<pin_list>
<pin id="32" dir="0" index="0" bw="32" slack="0"/>
<pin id="33" dir="0" index="1" bw="1" slack="0"/>
<pin id="34" dir="0" index="2" bw="10" slack="0"/>
<pin id="35" dir="1" index="3" bw="10" slack="0"/>
</pin_list>
<bind>
<opcode="getelementptr(29) " fcode="getelementptr"/>
<opset="b_addr/2 "/>
</bind>
</comp>

<comp id="38" class="1004" name="grp_access_fu_38">
<pin_list>
<pin id="39" dir="0" index="0" bw="10" slack="0"/>
<pin id="40" dir="0" index="1" bw="32" slack="2147483647"/>
<pin id="41" dir="0" index="2" bw="0" slack="2147483647"/>
<pin id="42" dir="1" index="3" bw="32" slack="1"/>
</pin_list>
<bind>
<opcode="load(27) " fcode="load"/>
<opset="b_load/2 "/>
</bind>
</comp>

<comp id="44" class="1005" name="out_write_assign_reg_44">
<pin_list>
<pin id="45" dir="0" index="0" bw="32" slack="1"/>
<pin id="46" dir="1" index="1" bw="32" slack="1"/>
</pin_list>
<bind>
<opset="out_write_assign (phireg) "/>
</bind>
</comp>

<comp id="48" class="1004" name="out_write_assign_phi_fu_48">
<pin_list>
<pin id="49" dir="0" index="0" bw="32" slack="1"/>
<pin id="50" dir="0" index="1" bw="0" slack="2147483647"/>
<pin id="51" dir="0" index="2" bw="32" slack="1"/>
<pin id="52" dir="0" index="3" bw="0" slack="2147483647"/>
<pin id="53" dir="1" index="4" bw="32" slack="6"/>
</pin_list>
<bind>
<opcode="phi(47) " fcode="phi"/>
<opset="out_write_assign/2 "/>
</bind>
</comp>

<comp id="56" class="1005" name="i_reg_56">
<pin_list>
<pin id="57" dir="0" index="0" bw="10" slack="1"/>
<pin id="58" dir="1" index="1" bw="10" slack="1"/>
</pin_list>
<bind>
<opset="i (phireg) "/>
</bind>
</comp>

<comp id="60" class="1004" name="i_phi_fu_60">
<pin_list>
<pin id="61" dir="0" index="0" bw="1" slack="1"/>
<pin id="62" dir="0" index="1" bw="0" slack="2147483647"/>
<pin id="63" dir="0" index="2" bw="10" slack="0"/>
<pin id="64" dir="0" index="3" bw="0" slack="2147483647"/>
<pin id="65" dir="1" index="4" bw="10" slack="0"/>
</pin_list>
<bind>
<opcode="phi(47) " fcode="phi"/>
<opset="i/2 "/>
</bind>
</comp>

<comp id="67" class="1004" name="grp_fu_67">
<pin_list>
<pin id="68" dir="0" index="0" bw="32" slack="6"/>
<pin id="69" dir="0" index="1" bw="32" slack="1"/>
<pin id="70" dir="1" index="2" bw="32" slack="1"/>
</pin_list>
<bind>
<opcode="fadd(9) " fcode="fadd"/>
<opset="sum/8 "/>
</bind>
</comp>

<comp id="72" class="1004" name="grp_fu_72">
<pin_list>
<pin id="73" dir="0" index="0" bw="32" slack="1"/>
<pin id="74" dir="0" index="1" bw="32" slack="1"/>
<pin id="75" dir="1" index="2" bw="32" slack="1"/>
</pin_list>
<bind>
<opcode="fmul(13) " fcode="fmul"/>
<opset="tmp_1/4 "/>
</bind>
</comp>

<comp id="76" class="1004" name="exitcond_fu_76">
<pin_list>
<pin id="77" dir="0" index="0" bw="10" slack="0"/>
<pin id="78" dir="0" index="1" bw="10" slack="0"/>
<pin id="79" dir="1" index="2" bw="1" slack="2147483647"/>
</pin_list>
<bind>
<opcode="icmp(45) " fcode="icmp"/>
<opset="exitcond/2 "/>
</bind>
</comp>

<comp id="82" class="1004" name="i_1_fu_82">
<pin_list>
<pin id="83" dir="0" index="0" bw="10" slack="0"/>
<pin id="84" dir="0" index="1" bw="1" slack="0"/>
<pin id="85" dir="1" index="2" bw="10" slack="0"/>
</pin_list>
<bind>
<opcode="add(8) " fcode="add"/>
<opset="i_1/2 "/>
</bind>
</comp>

<comp id="88" class="1004" name="tmp_fu_88">
<pin_list>
<pin id="89" dir="0" index="0" bw="10" slack="0"/>
<pin id="90" dir="1" index="1" bw="64" slack="0"/>
</pin_list>
<bind>
<opcode="zext(34) " fcode="zext"/>
<opset="tmp/2 "/>
</bind>
</comp>

<comp id="97" class="1005" name="i_1_reg_97">
<pin_list>
<pin id="98" dir="0" index="0" bw="10" slack="0"/>
<pin id="99" dir="1" index="1" bw="10" slack="0"/>
</pin_list>
<bind>
<opset="i_1 "/>
</bind>
</comp>

<comp id="102" class="1005" name="a_addr_reg_102">
<pin_list>
<pin id="103" dir="0" index="0" bw="10" slack="1"/>
<pin id="104" dir="1" index="1" bw="10" slack="1"/>
</pin_list>
<bind>
<opset="a_addr "/>
</bind>
</comp>

<comp id="107" class="1005" name="b_addr_reg_107">
<pin_list>
<pin id="108" dir="0" index="0" bw="10" slack="1"/>
<pin id="109" dir="1" index="1" bw="10" slack="1"/>
</pin_list>
<bind>
<opset="b_addr "/>
</bind>
</comp>

<comp id="112" class="1005" name="a_load_reg_112">
<pin_list>
<pin id="113" dir="0" index="0" bw="32" slack="1"/>
<pin id="114" dir="1" index="1" bw="32" slack="1"/>
</pin_list>
<bind>
<opset="a_load "/>
</bind>
</comp>

<comp id="117" class="1005" name="b_load_reg_117">
<pin_list>
<pin id="118" dir="0" index="0" bw="32" slack="1"/>
<pin id="119" dir="1" index="1" bw="32" slack="1"/>
</pin_list>
<bind>
<opset="b_load "/>
</bind>
</comp>

<comp id="122" class="1005" name="tmp_1_reg_122">
<pin_list>
<pin id="123" dir="0" index="0" bw="32" slack="1"/>
<pin id="124" dir="1" index="1" bw="32" slack="1"/>
</pin_list>
<bind>
<opset="tmp_1 "/>
</bind>
</comp>

<comp id="127" class="1005" name="sum_reg_127">
<pin_list>
<pin id="128" dir="0" index="0" bw="32" slack="1"/>
<pin id="129" dir="1" index="1" bw="32" slack="1"/>
</pin_list>
<bind>
<opset="sum "/>
</bind>
</comp>

</comp_list>

<net_list>
<net id="23"><net_src comp="0" pin="0"/><net_sink comp="18" pin=0"/></net>

<net id="24"><net_src comp="16" pin="0"/><net_sink comp="18" pin=1"/></net>

<net id="30"><net_src comp="18" pin="3"/><net_sink comp="25" pin=0"/></net>

<net id="36"><net_src comp="2" pin="0"/><net_sink comp="31" pin=0"/></net>

<net id="37"><net_src comp="16" pin="0"/><net_sink comp="31" pin=1"/></net>

<net id="43"><net_src comp="31" pin="3"/><net_sink comp="38" pin=0"/></net>

<net id="47"><net_src comp="4" pin="0"/><net_sink comp="44" pin=0"/></net>

<net id="54"><net_src comp="44" pin="1"/><net_sink comp="48" pin=0"/></net>

<net id="55"><net_src comp="48" pin="4"/><net_sink comp="44" pin=0"/></net>

<net id="59"><net_src comp="6" pin="0"/><net_sink comp="56" pin=0"/></net>

<net id="66"><net_src comp="56" pin="1"/><net_sink comp="60" pin=0"/></net>

<net id="71"><net_src comp="44" pin="1"/><net_sink comp="67" pin=0"/></net>

<net id="80"><net_src comp="60" pin="4"/><net_sink comp="76" pin=0"/></net>

<net id="81"><net_src comp="8" pin="0"/><net_sink comp="76" pin=1"/></net>

<net id="86"><net_src comp="60" pin="4"/><net_sink comp="82" pin=0"/></net>

<net id="87"><net_src comp="14" pin="0"/><net_sink comp="82" pin=1"/></net>

<net id="91"><net_src comp="60" pin="4"/><net_sink comp="88" pin=0"/></net>

<net id="92"><net_src comp="88" pin="1"/><net_sink comp="18" pin=2"/></net>

<net id="93"><net_src comp="88" pin="1"/><net_sink comp="31" pin=2"/></net>

<net id="100"><net_src comp="82" pin="2"/><net_sink comp="97" pin=0"/></net>

<net id="101"><net_src comp="97" pin="1"/><net_sink comp="60" pin=2"/></net>

<net id="105"><net_src comp="18" pin="3"/><net_sink comp="102" pin=0"/></net>

<net id="106"><net_src comp="102" pin="1"/><net_sink comp="25" pin=0"/></net>

<net id="110"><net_src comp="31" pin="3"/><net_sink comp="107" pin=0"/></net>

<net id="111"><net_src comp="107" pin="1"/><net_sink comp="38" pin=0"/></net>

<net id="115"><net_src comp="25" pin="3"/><net_sink comp="112" pin=0"/></net>

<net id="116"><net_src comp="112" pin="1"/><net_sink comp="72" pin=0"/></net>

<net id="120"><net_src comp="38" pin="3"/><net_sink comp="117" pin=0"/></net>

<net id="121"><net_src comp="117" pin="1"/><net_sink comp="72" pin=1"/></net>

<net id="125"><net_src comp="72" pin="2"/><net_sink comp="122" pin=0"/></net>

<net id="126"><net_src comp="122" pin="1"/><net_sink comp="67" pin=1"/></net>

<net id="130"><net_src comp="67" pin="2"/><net_sink comp="127" pin=0"/></net>

<net id="131"><net_src comp="127" pin="1"/><net_sink comp="48" pin=2"/></net>

</net_list>

</model> 
---------------- Datapath Model END ------------------

* FSMD analyzer results:
  - Output states:
 - Input state : 
	Port: vector_multiply_hw : a | {2 3 }
	Port: vector_multiply_hw : b | {2 3 }
  - Chain level:
	State 1
	State 2
		exitcond : 1
		i_1 : 1
		StgValue_19 : 2
		tmp : 1
		a_addr : 2
		a_load : 3
		b_addr : 2
		b_load : 3
		StgValue_25 : 1
	State 3
	State 4
	State 5
	State 6
	State 7
	State 8
	State 9
	State 10
	State 11
	State 12


============================================================
+ Verbose Summary: Datapath Resource usage 
============================================================

* Functional unit list:
|----------|----------------|---------|---------|---------|
| Operation| Functional Unit|  DSP48E |    FF   |   LUT   |
|----------|----------------|---------|---------|---------|
|   fadd   |    grp_fu_67   |    2    |   205   |   390   |
|----------|----------------|---------|---------|---------|
|   fmul   |    grp_fu_72   |    3    |   143   |   321   |
|----------|----------------|---------|---------|---------|
|    add   |    i_1_fu_82   |    0    |    0    |    14   |
|----------|----------------|---------|---------|---------|
|   icmp   | exitcond_fu_76 |    0    |    0    |    13   |
|----------|----------------|---------|---------|---------|
|   zext   |    tmp_fu_88   |    0    |    0    |    0    |
|----------|----------------|---------|---------|---------|
|   Total  |                |    5    |   348   |   738   |
|----------|----------------|---------|---------|---------|

Memories:
N/A

* Register list:
+-----------------------+--------+
|                       |   FF   |
+-----------------------+--------+
|     a_addr_reg_102    |   10   |
|     a_load_reg_112    |   32   |
|     b_addr_reg_107    |   10   |
|     b_load_reg_117    |   32   |
|       i_1_reg_97      |   10   |
|        i_reg_56       |   10   |
|out_write_assign_reg_44|   32   |
|      sum_reg_127      |   32   |
|     tmp_1_reg_122     |   32   |
+-----------------------+--------+
|         Total         |   200  |
+-----------------------+--------+

* Multiplexer (MUX) list: 
|-------------------------|------|------|------|--------||---------||---------|
|           Comp          |  Pin | Size |  BW  | S x BW ||  Delay  ||   LUT   |
|-------------------------|------|------|------|--------||---------||---------|
|     grp_access_fu_25    |  p0  |   2  |  10  |   20   ||    9    |
|     grp_access_fu_38    |  p0  |   2  |  10  |   20   ||    9    |
| out_write_assign_reg_44 |  p0  |   2  |  32  |   64   ||    9    |
|-------------------------|------|------|------|--------||---------||---------|
|          Total          |      |      |      |   104  ||  5.307  ||    27   |
|-------------------------|------|------|------|--------||---------||---------|



* Summary:
+-----------+--------+--------+--------+--------+
|           | DSP48E |  Delay |   FF   |   LUT  |
+-----------+--------+--------+--------+--------+
|  Function |    5   |    -   |   348  |   738  |
|   Memory  |    -   |    -   |    -   |    -   |
|Multiplexer|    -   |    5   |    -   |   27   |
|  Register |    -   |    -   |   200  |    -   |
+-----------+--------+--------+--------+--------+
|   Total   |    5   |    5   |   548  |   765  |
+-----------+--------+--------+--------+--------+
