00:20:43 **** Build of project Project_PS_bsp ****
make -k all 
"Running Make include in ps7_cortexa9_0/libsrc/axidma_v9_8/src"
make -C ps7_cortexa9_0/libsrc/axidma_v9_8/src -s include  "SHELL=CMD" "COMPILER=arm-none-eabi-gcc" "ARCHIVER=arm-none-eabi-ar" "COMPILER_FLAGS=  -O2 -c" "EXTRA_COMPILER_FLAGS=-mcpu=cortex-a9 -mfpu=vfpv3 -mfloat-abi=hard -nostartfiles -g -Wall -Wextra"
"Running Make include in ps7_cortexa9_0/libsrc/coresightps_dcc_v1_4/src"
make -C ps7_cortexa9_0/libsrc/coresightps_dcc_v1_4/src -s include  "SHELL=CMD" "COMPILER=arm-none-eabi-gcc" "ARCHIVER=arm-none-eabi-ar" "COMPILER_FLAGS=  -O2 -c" "EXTRA_COMPILER_FLAGS=-mcpu=cortex-a9 -mfpu=vfpv3 -mfloat-abi=hard -nostartfiles -g -Wall -Wextra"
"Running Make include in ps7_cortexa9_0/libsrc/cpu_cortexa9_v2_7/src"
make -C ps7_cortexa9_0/libsrc/cpu_cortexa9_v2_7/src -s include  "SHELL=CMD" "COMPILER=arm-none-eabi-gcc" "ARCHIVER=arm-none-eabi-ar" "COMPILER_FLAGS=  -O2 -c" "EXTRA_COMPILER_FLAGS=-mcpu=cortex-a9 -mfpu=vfpv3 -mfloat-abi=hard -nostartfiles -g -Wall -Wextra"
"Running Make include in ps7_cortexa9_0/libsrc/ddrps_v1_0/src"
make -C ps7_cortexa9_0/libsrc/ddrps_v1_0/src -s include  "SHELL=CMD" "COMPILER=arm-none-eabi-gcc" "ARCHIVER=arm-none-eabi-ar" "COMPILER_FLAGS=  -O2 -c" "EXTRA_COMPILER_FLAGS=-mcpu=cortex-a9 -mfpu=vfpv3 -mfloat-abi=hard -nostartfiles -g -Wall -Wextra"
"Running Make include in ps7_cortexa9_0/libsrc/devcfg_v3_5/src"
make -C ps7_cortexa9_0/libsrc/devcfg_v3_5/src -s include  "SHELL=CMD" "COMPILER=arm-none-eabi-gcc" "ARCHIVER=arm-none-eabi-ar" "COMPILER_FLAGS=  -O2 -c" "EXTRA_COMPILER_FLAGS=-mcpu=cortex-a9 -mfpu=vfpv3 -mfloat-abi=hard -nostartfiles -g -Wall -Wextra"
"Running Make include in ps7_cortexa9_0/libsrc/dmaps_v2_4/src"
make -C ps7_cortexa9_0/libsrc/dmaps_v2_4/src -s include  "SHELL=CMD" "COMPILER=arm-none-eabi-gcc" "ARCHIVER=arm-none-eabi-ar" "COMPILER_FLAGS=  -O2 -c" "EXTRA_COMPILER_FLAGS=-mcpu=cortex-a9 -mfpu=vfpv3 -mfloat-abi=hard -nostartfiles -g -Wall -Wextra"
"Running Make include in ps7_cortexa9_0/libsrc/gpiops_v3_4/src"
make -C ps7_cortexa9_0/libsrc/gpiops_v3_4/src -s include  "SHELL=CMD" "COMPILER=arm-none-eabi-gcc" "ARCHIVER=arm-none-eabi-ar" "COMPILER_FLAGS=  -O2 -c" "EXTRA_COMPILER_FLAGS=-mcpu=cortex-a9 -mfpu=vfpv3 -mfloat-abi=hard -nostartfiles -g -Wall -Wextra"
"Running Make include in ps7_cortexa9_0/libsrc/iicps_v3_8/src"
make -C ps7_cortexa9_0/libsrc/iicps_v3_8/src -s include  "SHELL=CMD" "COMPILER=arm-none-eabi-gcc" "ARCHIVER=arm-none-eabi-ar" "COMPILER_FLAGS=  -O2 -c" "EXTRA_COMPILER_FLAGS=-mcpu=cortex-a9 -mfpu=vfpv3 -mfloat-abi=hard -nostartfiles -g -Wall -Wextra"
"Running Make include in ps7_cortexa9_0/libsrc/qspips_v3_5/src"
make -C ps7_cortexa9_0/libsrc/qspips_v3_5/src -s include  "SHELL=CMD" "COMPILER=arm-none-eabi-gcc" "ARCHIVER=arm-none-eabi-ar" "COMPILER_FLAGS=  -O2 -c" "EXTRA_COMPILER_FLAGS=-mcpu=cortex-a9 -mfpu=vfpv3 -mfloat-abi=hard -nostartfiles -g -Wall -Wextra"
"Running Make include in ps7_cortexa9_0/libsrc/scugic_v3_10/src"
make -C ps7_cortexa9_0/libsrc/scugic_v3_10/src -s include  "SHELL=CMD" "COMPILER=arm-none-eabi-gcc" "ARCHIVER=arm-none-eabi-ar" "COMPILER_FLAGS=  -O2 -c" "EXTRA_COMPILER_FLAGS=-mcpu=cortex-a9 -mfpu=vfpv3 -mfloat-abi=hard -nostartfiles -g -Wall -Wextra"
"Running Make include in ps7_cortexa9_0/libsrc/scutimer_v2_1/src"
make -C ps7_cortexa9_0/libsrc/scutimer_v2_1/src -s include  "SHELL=CMD" "COMPILER=arm-none-eabi-gcc" "ARCHIVER=arm-none-eabi-ar" "COMPILER_FLAGS=  -O2 -c" "EXTRA_COMPILER_FLAGS=-mcpu=cortex-a9 -mfpu=vfpv3 -mfloat-abi=hard -nostartfiles -g -Wall -Wextra"
"Running Make include in ps7_cortexa9_0/libsrc/scuwdt_v2_1/src"
make -C ps7_cortexa9_0/libsrc/scuwdt_v2_1/src -s include  "SHELL=CMD" "COMPILER=arm-none-eabi-gcc" "ARCHIVER=arm-none-eabi-ar" "COMPILER_FLAGS=  -O2 -c" "EXTRA_COMPILER_FLAGS=-mcpu=cortex-a9 -mfpu=vfpv3 -mfloat-abi=hard -nostartfiles -g -Wall -Wextra"
"Running Make include in ps7_cortexa9_0/libsrc/sdps_v3_6/src"
make -C ps7_cortexa9_0/libsrc/sdps_v3_6/src -s include  "SHELL=CMD" "COMPILER=arm-none-eabi-gcc" "ARCHIVER=arm-none-eabi-ar" "COMPILER_FLAGS=  -O2 -c" "EXTRA_COMPILER_FLAGS=-mcpu=cortex-a9 -mfpu=vfpv3 -mfloat-abi=hard -nostartfiles -g -Wall -Wextra"
"Running Make include in ps7_cortexa9_0/libsrc/standalone_v6_8/src"
make -C ps7_cortexa9_0/libsrc/standalone_v6_8/src -s include  "SHELL=CMD" "COMPILER=arm-none-eabi-gcc" "ARCHIVER=arm-none-eabi-ar" "COMPILER_FLAGS=  -O2 -c" "EXTRA_COMPILER_FLAGS=-mcpu=cortex-a9 -mfpu=vfpv3 -mfloat-abi=hard -nostartfiles -g -Wall -Wextra"
"Running Make include in ps7_cortexa9_0/libsrc/uartps_v3_7/src"
make -C ps7_cortexa9_0/libsrc/uartps_v3_7/src -s include  "SHELL=CMD" "COMPILER=arm-none-eabi-gcc" "ARCHIVER=arm-none-eabi-ar" "COMPILER_FLAGS=  -O2 -c" "EXTRA_COMPILER_FLAGS=-mcpu=cortex-a9 -mfpu=vfpv3 -mfloat-abi=hard -nostartfiles -g -Wall -Wextra"
"Running Make include in ps7_cortexa9_0/libsrc/usbps_v2_4/src"
make -C ps7_cortexa9_0/libsrc/usbps_v2_4/src -s include  "SHELL=CMD" "COMPILER=arm-none-eabi-gcc" "ARCHIVER=arm-none-eabi-ar" "COMPILER_FLAGS=  -O2 -c" "EXTRA_COMPILER_FLAGS=-mcpu=cortex-a9 -mfpu=vfpv3 -mfloat-abi=hard -nostartfiles -g -Wall -Wextra"
"Running Make include in ps7_cortexa9_0/libsrc/xadcps_v2_3/src"
make -C ps7_cortexa9_0/libsrc/xadcps_v2_3/src -s include  "SHELL=CMD" "COMPILER=arm-none-eabi-gcc" "ARCHIVER=arm-none-eabi-ar" "COMPILER_FLAGS=  -O2 -c" "EXTRA_COMPILER_FLAGS=-mcpu=cortex-a9 -mfpu=vfpv3 -mfloat-abi=hard -nostartfiles -g -Wall -Wextra"
"Running Make libs in ps7_cortexa9_0/libsrc/axidma_v9_8/src"
make -C ps7_cortexa9_0/libsrc/axidma_v9_8/src -s libs  "SHELL=CMD" "COMPILER=arm-none-eabi-gcc" "ARCHIVER=arm-none-eabi-ar" "COMPILER_FLAGS=  -O2 -c" "EXTRA_COMPILER_FLAGS=-mcpu=cortex-a9 -mfpu=vfpv3 -mfloat-abi=hard -nostartfiles -g -Wall -Wextra"
"Compiling axidma"
arm-none-eabi-ar: creating ../../../lib/libxil.a
"Running Make libs in ps7_cortexa9_0/libsrc/coresightps_dcc_v1_4/src"
make -C ps7_cortexa9_0/libsrc/coresightps_dcc_v1_4/src -s libs  "SHELL=CMD" "COMPILER=arm-none-eabi-gcc" "ARCHIVER=arm-none-eabi-ar" "COMPILER_FLAGS=  -O2 -c" "EXTRA_COMPILER_FLAGS=-mcpu=cortex-a9 -mfpu=vfpv3 -mfloat-abi=hard -nostartfiles -g -Wall -Wextra"
"Compiling coresightps_dcc"
"Running Make libs in ps7_cortexa9_0/libsrc/cpu_cortexa9_v2_7/src"
make -C ps7_cortexa9_0/libsrc/cpu_cortexa9_v2_7/src -s libs  "SHELL=CMD" "COMPILER=arm-none-eabi-gcc" "ARCHIVER=arm-none-eabi-ar" "COMPILER_FLAGS=  -O2 -c" "EXTRA_COMPILER_FLAGS=-mcpu=cortex-a9 -mfpu=vfpv3 -mfloat-abi=hard -nostartfiles -g -Wall -Wextra"
"Compiling cpu_cortexa9"
"Running Make libs in ps7_cortexa9_0/libsrc/ddrps_v1_0/src"
make -C ps7_cortexa9_0/libsrc/ddrps_v1_0/src -s libs  "SHELL=CMD" "COMPILER=arm-none-eabi-gcc" "ARCHIVER=arm-none-eabi-ar" "COMPILER_FLAGS=  -O2 -c" "EXTRA_COMPILER_FLAGS=-mcpu=cortex-a9 -mfpu=vfpv3 -mfloat-abi=hard -nostartfiles -g -Wall -Wextra"
"Compiling ddrps"
"Running Make libs in ps7_cortexa9_0/libsrc/devcfg_v3_5/src"
make -C ps7_cortexa9_0/libsrc/devcfg_v3_5/src -s libs  "SHELL=CMD" "COMPILER=arm-none-eabi-gcc" "ARCHIVER=arm-none-eabi-ar" "COMPILER_FLAGS=  -O2 -c" "EXTRA_COMPILER_FLAGS=-mcpu=cortex-a9 -mfpu=vfpv3 -mfloat-abi=hard -nostartfiles -g -Wall -Wextra"
"Compiling devcfg"
"Running Make libs in ps7_cortexa9_0/libsrc/dmaps_v2_4/src"
make -C ps7_cortexa9_0/libsrc/dmaps_v2_4/src -s libs  "SHELL=CMD" "COMPILER=arm-none-eabi-gcc" "ARCHIVER=arm-none-eabi-ar" "COMPILER_FLAGS=  -O2 -c" "EXTRA_COMPILER_FLAGS=-mcpu=cortex-a9 -mfpu=vfpv3 -mfloat-abi=hard -nostartfiles -g -Wall -Wextra"
"Compiling dmaps"
"Running Make libs in ps7_cortexa9_0/libsrc/gpiops_v3_4/src"
make -C ps7_cortexa9_0/libsrc/gpiops_v3_4/src -s libs  "SHELL=CMD" "COMPILER=arm-none-eabi-gcc" "ARCHIVER=arm-none-eabi-ar" "COMPILER_FLAGS=  -O2 -c" "EXTRA_COMPILER_FLAGS=-mcpu=cortex-a9 -mfpu=vfpv3 -mfloat-abi=hard -nostartfiles -g -Wall -Wextra"
"Compiling gpiops"
"Running Make libs in ps7_cortexa9_0/libsrc/iicps_v3_8/src"
make -C ps7_cortexa9_0/libsrc/iicps_v3_8/src -s libs  "SHELL=CMD" "COMPILER=arm-none-eabi-gcc" "ARCHIVER=arm-none-eabi-ar" "COMPILER_FLAGS=  -O2 -c" "EXTRA_COMPILER_FLAGS=-mcpu=cortex-a9 -mfpu=vfpv3 -mfloat-abi=hard -nostartfiles -g -Wall -Wextra"
"Compiling iicps"
"Running Make libs in ps7_cortexa9_0/libsrc/qspips_v3_5/src"
make -C ps7_cortexa9_0/libsrc/qspips_v3_5/src -s libs  "SHELL=CMD" "COMPILER=arm-none-eabi-gcc" "ARCHIVER=arm-none-eabi-ar" "COMPILER_FLAGS=  -O2 -c" "EXTRA_COMPILER_FLAGS=-mcpu=cortex-a9 -mfpu=vfpv3 -mfloat-abi=hard -nostartfiles -g -Wall -Wextra"
"Compiling qspips"
"Running Make libs in ps7_cortexa9_0/libsrc/scugic_v3_10/src"
make -C ps7_cortexa9_0/libsrc/scugic_v3_10/src -s libs  "SHELL=CMD" "COMPILER=arm-none-eabi-gcc" "ARCHIVER=arm-none-eabi-ar" "COMPILER_FLAGS=  -O2 -c" "EXTRA_COMPILER_FLAGS=-mcpu=cortex-a9 -mfpu=vfpv3 -mfloat-abi=hard -nostartfiles -g -Wall -Wextra"
"Compiling scugic"
"Running Make libs in ps7_cortexa9_0/libsrc/scutimer_v2_1/src"
make -C ps7_cortexa9_0/libsrc/scutimer_v2_1/src -s libs  "SHELL=CMD" "COMPILER=arm-none-eabi-gcc" "ARCHIVER=arm-none-eabi-ar" "COMPILER_FLAGS=  -O2 -c" "EXTRA_COMPILER_FLAGS=-mcpu=cortex-a9 -mfpu=vfpv3 -mfloat-abi=hard -nostartfiles -g -Wall -Wextra"
"Compiling scutimer"
"Running Make libs in ps7_cortexa9_0/libsrc/scuwdt_v2_1/src"
make -C ps7_cortexa9_0/libsrc/scuwdt_v2_1/src -s libs  "SHELL=CMD" "COMPILER=arm-none-eabi-gcc" "ARCHIVER=arm-none-eabi-ar" "COMPILER_FLAGS=  -O2 -c" "EXTRA_COMPILER_FLAGS=-mcpu=cortex-a9 -mfpu=vfpv3 -mfloat-abi=hard -nostartfiles -g -Wall -Wextra"
"Compiling scuwdt"
"Running Make libs in ps7_cortexa9_0/libsrc/sdps_v3_6/src"
make -C ps7_cortexa9_0/libsrc/sdps_v3_6/src -s libs  "SHELL=CMD" "COMPILER=arm-none-eabi-gcc" "ARCHIVER=arm-none-eabi-ar" "COMPILER_FLAGS=  -O2 -c" "EXTRA_COMPILER_FLAGS=-mcpu=cortex-a9 -mfpu=vfpv3 -mfloat-abi=hard -nostartfiles -g -Wall -Wextra"
"Compiling sdps"
"Running Make libs in ps7_cortexa9_0/libsrc/standalone_v6_8/src"
make -C ps7_cortexa9_0/libsrc/standalone_v6_8/src -s libs  "SHELL=CMD" "COMPILER=arm-none-eabi-gcc" "ARCHIVER=arm-none-eabi-ar" "COMPILER_FLAGS=  -O2 -c" "EXTRA_COMPILER_FLAGS=-mcpu=cortex-a9 -mfpu=vfpv3 -mfloat-abi=hard -nostartfiles -g -Wall -Wextra"
"Compiling standalone"
In file included from usleep.c:56:0:
xtime_l.h:87:9: note: #pragma message: For the sleep routines, Global timer is being used
 #pragma message ("For the sleep routines, Global timer is being used")
         ^~~~~~~
In file included from xil_sleeptimer.c:51:0:
xtime_l.h:87:9: note: #pragma message: For the sleep routines, Global timer is being used
 #pragma message ("For the sleep routines, Global timer is being used")
         ^~~~~~~
In file included from xtime_l.c:49:0:
xtime_l.h:87:9: note: #pragma message: For the sleep routines, Global timer is being used
 #pragma message ("For the sleep routines, Global timer is being used")
         ^~~~~~~
In file included from sleep.c:53:0:
xtime_l.h:87:9: note: #pragma message: For the sleep routines, Global timer is being used
 #pragma message ("For the sleep routines, Global timer is being used")
         ^~~~~~~
"Running Make libs in ps7_cortexa9_0/libsrc/uartps_v3_7/src"
make -C ps7_cortexa9_0/libsrc/uartps_v3_7/src -s libs  "SHELL=CMD" "COMPILER=arm-none-eabi-gcc" "ARCHIVER=arm-none-eabi-ar" "COMPILER_FLAGS=  -O2 -c" "EXTRA_COMPILER_FLAGS=-mcpu=cortex-a9 -mfpu=vfpv3 -mfloat-abi=hard -nostartfiles -g -Wall -Wextra"
"Compiling uartps"
"Running Make libs in ps7_cortexa9_0/libsrc/usbps_v2_4/src"
make -C ps7_cortexa9_0/libsrc/usbps_v2_4/src -s libs  "SHELL=CMD" "COMPILER=arm-none-eabi-gcc" "ARCHIVER=arm-none-eabi-ar" "COMPILER_FLAGS=  -O2 -c" "EXTRA_COMPILER_FLAGS=-mcpu=cortex-a9 -mfpu=vfpv3 -mfloat-abi=hard -nostartfiles -g -Wall -Wextra"
"Compiling usbps"
"Running Make libs in ps7_cortexa9_0/libsrc/xadcps_v2_3/src"
make -C ps7_cortexa9_0/libsrc/xadcps_v2_3/src -s libs  "SHELL=CMD" "COMPILER=arm-none-eabi-gcc" "ARCHIVER=arm-none-eabi-ar" "COMPILER_FLAGS=  -O2 -c" "EXTRA_COMPILER_FLAGS=-mcpu=cortex-a9 -mfpu=vfpv3 -mfloat-abi=hard -nostartfiles -g -Wall -Wextra"
"Compiling xadcps"
'Finished building libraries'
00:21:01 **** Build of configuration Debug for project Project_PS ****
make pre-build main-build 
a9-linaro-pre-build-step
' '
'Building file: ../src/helloworld.c'
'Invoking: ARM v7 gcc compiler'
arm-none-eabi-gcc -Wall -O0 -g3 -c -fmessage-length=0 -MT"src/helloworld.o" -mcpu=cortex-a9 -mfpu=vfpv3 -mfloat-abi=hard -I../../Project_PS_bsp/ps7_cortexa9_0/include -MMD -MP -MF"src/helloworld.d" -MT"src/helloworld.o" -o "src/helloworld.o" "../src/helloworld.c"
'Finished building: ../src/helloworld.c'
' '
'Building file: ../src/platform.c'
'Invoking: ARM v7 gcc compiler'
arm-none-eabi-gcc -Wall -O0 -g3 -c -fmessage-length=0 -MT"src/platform.o" -mcpu=cortex-a9 -mfpu=vfpv3 -mfloat-abi=hard -I../../Project_PS_bsp/ps7_cortexa9_0/include -MMD -MP -MF"src/platform.d" -MT"src/platform.o" -o "src/platform.o" "../src/platform.c"
'Finished building: ../src/platform.c'
' '
'Building target: Project_PS.elf'
'Invoking: ARM v7 gcc linker'
arm-none-eabi-gcc -mcpu=cortex-a9 -mfpu=vfpv3 -mfloat-abi=hard -Wl,-build-id=none -specs=Xilinx.spec -Wl,-T -Wl,../src/lscript.ld -L../../Project_PS_bsp/ps7_cortexa9_0/lib -o "Project_PS.elf"  ./src/helloworld.o ./src/platform.o   -Wl,--start-group,-lxil,-lgcc,-lc,--end-group
'Finished building target: Project_PS.elf'
' '
'Invoking: ARM v7 Print Size'
arm-none-eabi-size Project_PS.elf  |tee "Project_PS.elf.size"
   text	   data	    bss	    dec	    hex	filename
  19348	   1144	  22568	  43060	   a834	Project_PS.elf
'Finished building: Project_PS.elf.size'
' '
00:24:53 **** Build of project Project_PS_bsp ****
make -k all 
"Running Make include in ps7_cortexa9_0/libsrc/axidma_v9_8/src"
make -C ps7_cortexa9_0/libsrc/axidma_v9_8/src -s include  "SHELL=CMD" "COMPILER=arm-none-eabi-gcc" "ARCHIVER=arm-none-eabi-ar" "COMPILER_FLAGS=  -O2 -c" "EXTRA_COMPILER_FLAGS=-mcpu=cortex-a9 -mfpu=vfpv3 -mfloat-abi=hard -nostartfiles -g -Wall -Wextra"
"Running Make include in ps7_cortexa9_0/libsrc/coresightps_dcc_v1_4/src"
make -C ps7_cortexa9_0/libsrc/coresightps_dcc_v1_4/src -s include  "SHELL=CMD" "COMPILER=arm-none-eabi-gcc" "ARCHIVER=arm-none-eabi-ar" "COMPILER_FLAGS=  -O2 -c" "EXTRA_COMPILER_FLAGS=-mcpu=cortex-a9 -mfpu=vfpv3 -mfloat-abi=hard -nostartfiles -g -Wall -Wextra"
"Running Make include in ps7_cortexa9_0/libsrc/cpu_cortexa9_v2_7/src"
make -C ps7_cortexa9_0/libsrc/cpu_cortexa9_v2_7/src -s include  "SHELL=CMD" "COMPILER=arm-none-eabi-gcc" "ARCHIVER=arm-none-eabi-ar" "COMPILER_FLAGS=  -O2 -c" "EXTRA_COMPILER_FLAGS=-mcpu=cortex-a9 -mfpu=vfpv3 -mfloat-abi=hard -nostartfiles -g -Wall -Wextra"
"Running Make include in ps7_cortexa9_0/libsrc/ddrps_v1_0/src"
make -C ps7_cortexa9_0/libsrc/ddrps_v1_0/src -s include  "SHELL=CMD" "COMPILER=arm-none-eabi-gcc" "ARCHIVER=arm-none-eabi-ar" "COMPILER_FLAGS=  -O2 -c" "EXTRA_COMPILER_FLAGS=-mcpu=cortex-a9 -mfpu=vfpv3 -mfloat-abi=hard -nostartfiles -g -Wall -Wextra"
"Running Make include in ps7_cortexa9_0/libsrc/devcfg_v3_5/src"
make -C ps7_cortexa9_0/libsrc/devcfg_v3_5/src -s include  "SHELL=CMD" "COMPILER=arm-none-eabi-gcc" "ARCHIVER=arm-none-eabi-ar" "COMPILER_FLAGS=  -O2 -c" "EXTRA_COMPILER_FLAGS=-mcpu=cortex-a9 -mfpu=vfpv3 -mfloat-abi=hard -nostartfiles -g -Wall -Wextra"
"Running Make include in ps7_cortexa9_0/libsrc/dmaps_v2_4/src"
make -C ps7_cortexa9_0/libsrc/dmaps_v2_4/src -s include  "SHELL=CMD" "COMPILER=arm-none-eabi-gcc" "ARCHIVER=arm-none-eabi-ar" "COMPILER_FLAGS=  -O2 -c" "EXTRA_COMPILER_FLAGS=-mcpu=cortex-a9 -mfpu=vfpv3 -mfloat-abi=hard -nostartfiles -g -Wall -Wextra"
"Running Make include in ps7_cortexa9_0/libsrc/gpiops_v3_4/src"
make -C ps7_cortexa9_0/libsrc/gpiops_v3_4/src -s include  "SHELL=CMD" "COMPILER=arm-none-eabi-gcc" "ARCHIVER=arm-none-eabi-ar" "COMPILER_FLAGS=  -O2 -c" "EXTRA_COMPILER_FLAGS=-mcpu=cortex-a9 -mfpu=vfpv3 -mfloat-abi=hard -nostartfiles -g -Wall -Wextra"
"Running Make include in ps7_cortexa9_0/libsrc/iicps_v3_8/src"
make -C ps7_cortexa9_0/libsrc/iicps_v3_8/src -s include  "SHELL=CMD" "COMPILER=arm-none-eabi-gcc" "ARCHIVER=arm-none-eabi-ar" "COMPILER_FLAGS=  -O2 -c" "EXTRA_COMPILER_FLAGS=-mcpu=cortex-a9 -mfpu=vfpv3 -mfloat-abi=hard -nostartfiles -g -Wall -Wextra"
"Running Make include in ps7_cortexa9_0/libsrc/qspips_v3_5/src"
make -C ps7_cortexa9_0/libsrc/qspips_v3_5/src -s include  "SHELL=CMD" "COMPILER=arm-none-eabi-gcc" "ARCHIVER=arm-none-eabi-ar" "COMPILER_FLAGS=  -O2 -c" "EXTRA_COMPILER_FLAGS=-mcpu=cortex-a9 -mfpu=vfpv3 -mfloat-abi=hard -nostartfiles -g -Wall -Wextra"
"Running Make include in ps7_cortexa9_0/libsrc/scugic_v3_10/src"
make -C ps7_cortexa9_0/libsrc/scugic_v3_10/src -s include  "SHELL=CMD" "COMPILER=arm-none-eabi-gcc" "ARCHIVER=arm-none-eabi-ar" "COMPILER_FLAGS=  -O2 -c" "EXTRA_COMPILER_FLAGS=-mcpu=cortex-a9 -mfpu=vfpv3 -mfloat-abi=hard -nostartfiles -g -Wall -Wextra"
"Running Make include in ps7_cortexa9_0/libsrc/scutimer_v2_1/src"
make -C ps7_cortexa9_0/libsrc/scutimer_v2_1/src -s include  "SHELL=CMD" "COMPILER=arm-none-eabi-gcc" "ARCHIVER=arm-none-eabi-ar" "COMPILER_FLAGS=  -O2 -c" "EXTRA_COMPILER_FLAGS=-mcpu=cortex-a9 -mfpu=vfpv3 -mfloat-abi=hard -nostartfiles -g -Wall -Wextra"
"Running Make include in ps7_cortexa9_0/libsrc/scuwdt_v2_1/src"
make -C ps7_cortexa9_0/libsrc/scuwdt_v2_1/src -s include  "SHELL=CMD" "COMPILER=arm-none-eabi-gcc" "ARCHIVER=arm-none-eabi-ar" "COMPILER_FLAGS=  -O2 -c" "EXTRA_COMPILER_FLAGS=-mcpu=cortex-a9 -mfpu=vfpv3 -mfloat-abi=hard -nostartfiles -g -Wall -Wextra"
"Running Make include in ps7_cortexa9_0/libsrc/sdps_v3_6/src"
make -C ps7_cortexa9_0/libsrc/sdps_v3_6/src -s include  "SHELL=CMD" "COMPILER=arm-none-eabi-gcc" "ARCHIVER=arm-none-eabi-ar" "COMPILER_FLAGS=  -O2 -c" "EXTRA_COMPILER_FLAGS=-mcpu=cortex-a9 -mfpu=vfpv3 -mfloat-abi=hard -nostartfiles -g -Wall -Wextra"
"Running Make include in ps7_cortexa9_0/libsrc/standalone_v6_8/src"
make -C ps7_cortexa9_0/libsrc/standalone_v6_8/src -s include  "SHELL=CMD" "COMPILER=arm-none-eabi-gcc" "ARCHIVER=arm-none-eabi-ar" "COMPILER_FLAGS=  -O2 -c" "EXTRA_COMPILER_FLAGS=-mcpu=cortex-a9 -mfpu=vfpv3 -mfloat-abi=hard -nostartfiles -g -Wall -Wextra"
"Running Make include in ps7_cortexa9_0/libsrc/uartps_v3_7/src"
make -C ps7_cortexa9_0/libsrc/uartps_v3_7/src -s include  "SHELL=CMD" "COMPILER=arm-none-eabi-gcc" "ARCHIVER=arm-none-eabi-ar" "COMPILER_FLAGS=  -O2 -c" "EXTRA_COMPILER_FLAGS=-mcpu=cortex-a9 -mfpu=vfpv3 -mfloat-abi=hard -nostartfiles -g -Wall -Wextra"
"Running Make include in ps7_cortexa9_0/libsrc/usbps_v2_4/src"
make -C ps7_cortexa9_0/libsrc/usbps_v2_4/src -s include  "SHELL=CMD" "COMPILER=arm-none-eabi-gcc" "ARCHIVER=arm-none-eabi-ar" "COMPILER_FLAGS=  -O2 -c" "EXTRA_COMPILER_FLAGS=-mcpu=cortex-a9 -mfpu=vfpv3 -mfloat-abi=hard -nostartfiles -g -Wall -Wextra"
"Running Make include in ps7_cortexa9_0/libsrc/xadcps_v2_3/src"
make -C ps7_cortexa9_0/libsrc/xadcps_v2_3/src -s include  "SHELL=CMD" "COMPILER=arm-none-eabi-gcc" "ARCHIVER=arm-none-eabi-ar" "COMPILER_FLAGS=  -O2 -c" "EXTRA_COMPILER_FLAGS=-mcpu=cortex-a9 -mfpu=vfpv3 -mfloat-abi=hard -nostartfiles -g -Wall -Wextra"
"Running Make libs in ps7_cortexa9_0/libsrc/axidma_v9_8/src"
make -C ps7_cortexa9_0/libsrc/axidma_v9_8/src -s libs  "SHELL=CMD" "COMPILER=arm-none-eabi-gcc" "ARCHIVER=arm-none-eabi-ar" "COMPILER_FLAGS=  -O2 -c" "EXTRA_COMPILER_FLAGS=-mcpu=cortex-a9 -mfpu=vfpv3 -mfloat-abi=hard -nostartfiles -g -Wall -Wextra"
"Compiling axidma"
"Running Make libs in ps7_cortexa9_0/libsrc/coresightps_dcc_v1_4/src"
make -C ps7_cortexa9_0/libsrc/coresightps_dcc_v1_4/src -s libs  "SHELL=CMD" "COMPILER=arm-none-eabi-gcc" "ARCHIVER=arm-none-eabi-ar" "COMPILER_FLAGS=  -O2 -c" "EXTRA_COMPILER_FLAGS=-mcpu=cortex-a9 -mfpu=vfpv3 -mfloat-abi=hard -nostartfiles -g -Wall -Wextra"
"Compiling coresightps_dcc"
"Running Make libs in ps7_cortexa9_0/libsrc/cpu_cortexa9_v2_7/src"
make -C ps7_cortexa9_0/libsrc/cpu_cortexa9_v2_7/src -s libs  "SHELL=CMD" "COMPILER=arm-none-eabi-gcc" "ARCHIVER=arm-none-eabi-ar" "COMPILER_FLAGS=  -O2 -c" "EXTRA_COMPILER_FLAGS=-mcpu=cortex-a9 -mfpu=vfpv3 -mfloat-abi=hard -nostartfiles -g -Wall -Wextra"
"Compiling cpu_cortexa9"
"Running Make libs in ps7_cortexa9_0/libsrc/ddrps_v1_0/src"
make -C ps7_cortexa9_0/libsrc/ddrps_v1_0/src -s libs  "SHELL=CMD" "COMPILER=arm-none-eabi-gcc" "ARCHIVER=arm-none-eabi-ar" "COMPILER_FLAGS=  -O2 -c" "EXTRA_COMPILER_FLAGS=-mcpu=cortex-a9 -mfpu=vfpv3 -mfloat-abi=hard -nostartfiles -g -Wall -Wextra"
"Compiling ddrps"
"Running Make libs in ps7_cortexa9_0/libsrc/devcfg_v3_5/src"
make -C ps7_cortexa9_0/libsrc/devcfg_v3_5/src -s libs  "SHELL=CMD" "COMPILER=arm-none-eabi-gcc" "ARCHIVER=arm-none-eabi-ar" "COMPILER_FLAGS=  -O2 -c" "EXTRA_COMPILER_FLAGS=-mcpu=cortex-a9 -mfpu=vfpv3 -mfloat-abi=hard -nostartfiles -g -Wall -Wextra"
"Compiling devcfg"
"Running Make libs in ps7_cortexa9_0/libsrc/dmaps_v2_4/src"
make -C ps7_cortexa9_0/libsrc/dmaps_v2_4/src -s libs  "SHELL=CMD" "COMPILER=arm-none-eabi-gcc" "ARCHIVER=arm-none-eabi-ar" "COMPILER_FLAGS=  -O2 -c" "EXTRA_COMPILER_FLAGS=-mcpu=cortex-a9 -mfpu=vfpv3 -mfloat-abi=hard -nostartfiles -g -Wall -Wextra"
"Compiling dmaps"
"Running Make libs in ps7_cortexa9_0/libsrc/gpiops_v3_4/src"
make -C ps7_cortexa9_0/libsrc/gpiops_v3_4/src -s libs  "SHELL=CMD" "COMPILER=arm-none-eabi-gcc" "ARCHIVER=arm-none-eabi-ar" "COMPILER_FLAGS=  -O2 -c" "EXTRA_COMPILER_FLAGS=-mcpu=cortex-a9 -mfpu=vfpv3 -mfloat-abi=hard -nostartfiles -g -Wall -Wextra"
"Compiling gpiops"
"Running Make libs in ps7_cortexa9_0/libsrc/iicps_v3_8/src"
make -C ps7_cortexa9_0/libsrc/iicps_v3_8/src -s libs  "SHELL=CMD" "COMPILER=arm-none-eabi-gcc" "ARCHIVER=arm-none-eabi-ar" "COMPILER_FLAGS=  -O2 -c" "EXTRA_COMPILER_FLAGS=-mcpu=cortex-a9 -mfpu=vfpv3 -mfloat-abi=hard -nostartfiles -g -Wall -Wextra"
"Compiling iicps"
"Running Make libs in ps7_cortexa9_0/libsrc/qspips_v3_5/src"
make -C ps7_cortexa9_0/libsrc/qspips_v3_5/src -s libs  "SHELL=CMD" "COMPILER=arm-none-eabi-gcc" "ARCHIVER=arm-none-eabi-ar" "COMPILER_FLAGS=  -O2 -c" "EXTRA_COMPILER_FLAGS=-mcpu=cortex-a9 -mfpu=vfpv3 -mfloat-abi=hard -nostartfiles -g -Wall -Wextra"
"Compiling qspips"
"Running Make libs in ps7_cortexa9_0/libsrc/scugic_v3_10/src"
make -C ps7_cortexa9_0/libsrc/scugic_v3_10/src -s libs  "SHELL=CMD" "COMPILER=arm-none-eabi-gcc" "ARCHIVER=arm-none-eabi-ar" "COMPILER_FLAGS=  -O2 -c" "EXTRA_COMPILER_FLAGS=-mcpu=cortex-a9 -mfpu=vfpv3 -mfloat-abi=hard -nostartfiles -g -Wall -Wextra"
"Compiling scugic"
"Running Make libs in ps7_cortexa9_0/libsrc/scutimer_v2_1/src"
make -C ps7_cortexa9_0/libsrc/scutimer_v2_1/src -s libs  "SHELL=CMD" "COMPILER=arm-none-eabi-gcc" "ARCHIVER=arm-none-eabi-ar" "COMPILER_FLAGS=  -O2 -c" "EXTRA_COMPILER_FLAGS=-mcpu=cortex-a9 -mfpu=vfpv3 -mfloat-abi=hard -nostartfiles -g -Wall -Wextra"
"Compiling scutimer"
"Running Make libs in ps7_cortexa9_0/libsrc/scuwdt_v2_1/src"
make -C ps7_cortexa9_0/libsrc/scuwdt_v2_1/src -s libs  "SHELL=CMD" "COMPILER=arm-none-eabi-gcc" "ARCHIVER=arm-none-eabi-ar" "COMPILER_FLAGS=  -O2 -c" "EXTRA_COMPILER_FLAGS=-mcpu=cortex-a9 -mfpu=vfpv3 -mfloat-abi=hard -nostartfiles -g -Wall -Wextra"
"Compiling scuwdt"
"Running Make libs in ps7_cortexa9_0/libsrc/sdps_v3_6/src"
make -C ps7_cortexa9_0/libsrc/sdps_v3_6/src -s libs  "SHELL=CMD" "COMPILER=arm-none-eabi-gcc" "ARCHIVER=arm-none-eabi-ar" "COMPILER_FLAGS=  -O2 -c" "EXTRA_COMPILER_FLAGS=-mcpu=cortex-a9 -mfpu=vfpv3 -mfloat-abi=hard -nostartfiles -g -Wall -Wextra"
"Compiling sdps"
"Running Make libs in ps7_cortexa9_0/libsrc/standalone_v6_8/src"
make -C ps7_cortexa9_0/libsrc/standalone_v6_8/src -s libs  "SHELL=CMD" "COMPILER=arm-none-eabi-gcc" "ARCHIVER=arm-none-eabi-ar" "COMPILER_FLAGS=  -O2 -c" "EXTRA_COMPILER_FLAGS=-mcpu=cortex-a9 -mfpu=vfpv3 -mfloat-abi=hard -nostartfiles -g -Wall -Wextra"
"Compiling standalone"
In file included from usleep.c:56:0:
xtime_l.h:87:9: note: #pragma message: For the sleep routines, Global timer is being used
 #pragma message ("For the sleep routines, Global timer is being used")
         ^~~~~~~
In file included from sleep.c:53:0:
xtime_l.h:87:9: note: #pragma message: For the sleep routines, Global timer is being used
 #pragma message ("For the sleep routines, Global timer is being used")
         ^~~~~~~
In file included from xil_sleeptimer.c:51:0:
xtime_l.h:87:9: note: #pragma message: For the sleep routines, Global timer is being used
 #pragma message ("For the sleep routines, Global timer is being used")
         ^~~~~~~
In file included from xtime_l.c:49:0:
xtime_l.h:87:9: note: #pragma message: For the sleep routines, Global timer is being used
 #pragma message ("For the sleep routines, Global timer is being used")
         ^~~~~~~
"Running Make libs in ps7_cortexa9_0/libsrc/uartps_v3_7/src"
make -C ps7_cortexa9_0/libsrc/uartps_v3_7/src -s libs  "SHELL=CMD" "COMPILER=arm-none-eabi-gcc" "ARCHIVER=arm-none-eabi-ar" "COMPILER_FLAGS=  -O2 -c" "EXTRA_COMPILER_FLAGS=-mcpu=cortex-a9 -mfpu=vfpv3 -mfloat-abi=hard -nostartfiles -g -Wall -Wextra"
"Compiling uartps"
"Running Make libs in ps7_cortexa9_0/libsrc/usbps_v2_4/src"
make -C ps7_cortexa9_0/libsrc/usbps_v2_4/src -s libs  "SHELL=CMD" "COMPILER=arm-none-eabi-gcc" "ARCHIVER=arm-none-eabi-ar" "COMPILER_FLAGS=  -O2 -c" "EXTRA_COMPILER_FLAGS=-mcpu=cortex-a9 -mfpu=vfpv3 -mfloat-abi=hard -nostartfiles -g -Wall -Wextra"
"Compiling usbps"
"Running Make libs in ps7_cortexa9_0/libsrc/xadcps_v2_3/src"
make -C ps7_cortexa9_0/libsrc/xadcps_v2_3/src -s libs  "SHELL=CMD" "COMPILER=arm-none-eabi-gcc" "ARCHIVER=arm-none-eabi-ar" "COMPILER_FLAGS=  -O2 -c" "EXTRA_COMPILER_FLAGS=-mcpu=cortex-a9 -mfpu=vfpv3 -mfloat-abi=hard -nostartfiles -g -Wall -Wextra"
"Compiling xadcps"
'Finished building libraries'
00:25:10 **** Clean-only build of configuration Debug for project Project_PS ****
make clean 
rm -rf  ./src/helloworld.o ./src/platform.o  ./src/helloworld.d ./src/platform.d  Project_PS.elf.size  Project_PS.elf
' '
00:25:10 **** Build of configuration Debug for project Project_PS ****
make pre-build main-build 
a9-linaro-pre-build-step
' '
'Building file: ../src/platform.c'
'Invoking: ARM v7 gcc compiler'
arm-none-eabi-gcc -Wall -O0 -g3 -c -fmessage-length=0 -MT"src/platform.o" -mcpu=cortex-a9 -mfpu=vfpv3 -mfloat-abi=hard -I../../Project_PS_bsp/ps7_cortexa9_0/include -MMD -MP -MF"src/platform.d" -MT"src/platform.o" -o "src/platform.o" "../src/platform.c"
'Finished building: ../src/platform.c'
' '
'Building file: ../src/project_PS.c'
'Invoking: ARM v7 gcc compiler'
arm-none-eabi-gcc -Wall -O0 -g3 -c -fmessage-length=0 -MT"src/project_PS.o" -mcpu=cortex-a9 -mfpu=vfpv3 -mfloat-abi=hard -I../../Project_PS_bsp/ps7_cortexa9_0/include -MMD -MP -MF"src/project_PS.d" -MT"src/project_PS.o" -o "src/project_PS.o" "../src/project_PS.c"
../src/project_PS.c:98:3: warning: #warning CHECK FOR THE VALID DDR ADDRESS IN XPARAMETERS.H, DEFAULT SET TO 0x01000000 [-Wcpp]
  #warning CHECK FOR THE VALID DDR ADDRESS IN XPARAMETERS.H, \
   ^~~~~~~
../src/project_PS.c: In function 'main':
../src/project_PS.c:264:7: warning: unused variable 'Image' [-Wunused-variable]
   int Image;
       ^~~~~
../src/project_PS.c:262:13: warning: unused variable 'ImageCount' [-Wunused-variable]
   const int ImageCount = 500; // Cannot be larger than the data in images_fixed.c
             ^~~~~~~~~~
../src/project_PS.c:261:16: warning: unused variable 'No' [-Wunused-variable]
   int Yes = 0, No = 0;
                ^~
../src/project_PS.c:261:7: warning: unused variable 'Yes' [-Wunused-variable]
   int Yes = 0, No = 0;
       ^~~
../src/project_PS.c:260:7: warning: unused variable 'InferredLabel' [-Wunused-variable]
   int InferredLabel;   // Network's final answer
       ^~~~~~~~~~~~~
../src/project_PS.c: At top level:
../src/project_PS.c:197:13: warning: 'anExampleCalculation' declared 'static' but never defined [-Wunused-function]
  static int anExampleCalculation(int* image);
             ^~~~~~~~~~~~~~~~~~~~
../src/project_PS.c:198:13: warning: 'VerifyWithPs' declared 'static' but never defined [-Wunused-function]
  static int VerifyWithPs();
             ^~~~~~~~~~~~
../src/project_PS.c:1325:12: warning: 'networkPSevaluate' defined but not used [-Wunused-function]
 static int networkPSevaluate(int* result, int* ground_truth){
            ^~~~~~~~~~~~~~~~~
../src/project_PS.c:1193:12: warning: 'SendRxBd' defined but not used [-Wunused-function]
 static int SendRxBd(XAxiDma * AxiDmaInstPtr) {
            ^~~~~~~~
../src/project_PS.c:1062:12: warning: 'SendScatteredPacket' defined but not used [-Wunused-function]
 static int SendScatteredPacket(XAxiDma * AxiDmaInstPtr, \
            ^~~~~~~~~~~~~~~~~~~
../src/project_PS.c:909:12: warning: 'SendConsecutivePacket' defined but not used [-Wunused-function]
 static int SendConsecutivePacket(XAxiDma * AxiDmaInstPtr, \
            ^~~~~~~~~~~~~~~~~~~~~
../src/project_PS.c:224:13: warning: 'OutputLayer' defined but not used [-Wunused-variable]
  static int OutputLayer[OUTPUT_SIZE];
             ^~~~~~~~~~~
../src/project_PS.c:223:13: warning: 'HiddenLayer' defined but not used [-Wunused-variable]
  static int HiddenLayer[HIDDEN_SIZE];
             ^~~~~~~~~~~
'Finished building: ../src/project_PS.c'
' '
'Building target: Project_PS.elf'
'Invoking: ARM v7 gcc linker'
arm-none-eabi-gcc -mcpu=cortex-a9 -mfpu=vfpv3 -mfloat-abi=hard -Wl,-build-id=none -specs=Xilinx.spec -Wl,-T -Wl,../src/lscript.ld -L../../Project_PS_bsp/ps7_cortexa9_0/lib -o "Project_PS.elf"  ./src/platform.o ./src/project_PS.o   -Wl,--start-group,-lxil,-lgcc,-lc,--end-group
./src/project_PS.o: In function `networkPSsigmoid':
C:\Users\AlaiC\Desktop\project_test\project_test.sdk\Project_PS\Debug/../src/project_PS.c:1420: undefined reference to `exp'
collect2.exe: error: ld returned 1 exit status
make: *** [makefile:41: Project_PS.elf] Error 1
00:34:12 **** Auto Build of configuration Debug for project Project_PS ****
make pre-build main-build 
a9-linaro-pre-build-step
' '
'Building file: ../src/project_PS.c'
'Invoking: ARM v7 gcc compiler'
arm-none-eabi-gcc -Wall -O0 -g3 -c -fmessage-length=0 -MT"src/project_PS.o" -mcpu=cortex-a9 -mfpu=vfpv3 -mfloat-abi=hard -I../../Project_PS_bsp/ps7_cortexa9_0/include -MMD -MP -MF"src/project_PS.d" -MT"src/project_PS.o" -o "src/project_PS.o" "../src/project_PS.c"
../src/project_PS.c:98:3: warning: #warning CHECK FOR THE VALID DDR ADDRESS IN XPARAMETERS.H, DEFAULT SET TO 0x01000000 [-Wcpp]
  #warning CHECK FOR THE VALID DDR ADDRESS IN XPARAMETERS.H, \
   ^~~~~~~
../src/project_PS.c: In function 'main':
../src/project_PS.c:264:7: warning: unused variable 'Image' [-Wunused-variable]
   int Image;
       ^~~~~
../src/project_PS.c:262:13: warning: unused variable 'ImageCount' [-Wunused-variable]
   const int ImageCount = 500; // Cannot be larger than the data in images_fixed.c
             ^~~~~~~~~~
../src/project_PS.c:261:16: warning: unused variable 'No' [-Wunused-variable]
   int Yes = 0, No = 0;
                ^~
../src/project_PS.c:261:7: warning: unused variable 'Yes' [-Wunused-variable]
   int Yes = 0, No = 0;
       ^~~
../src/project_PS.c:260:7: warning: unused variable 'InferredLabel' [-Wunused-variable]
   int InferredLabel;   // Network's final answer
       ^~~~~~~~~~~~~
../src/project_PS.c: At top level:
../src/project_PS.c:197:13: warning: 'anExampleCalculation' declared 'static' but never defined [-Wunused-function]
  static int anExampleCalculation(int* image);
             ^~~~~~~~~~~~~~~~~~~~
../src/project_PS.c:198:13: warning: 'VerifyWithPs' declared 'static' but never defined [-Wunused-function]
  static int VerifyWithPs();
             ^~~~~~~~~~~~
../src/project_PS.c:1325:12: warning: 'networkPSevaluate' defined but not used [-Wunused-function]
 static int networkPSevaluate(int* result, int* ground_truth){
            ^~~~~~~~~~~~~~~~~
../src/project_PS.c:1193:12: warning: 'SendRxBd' defined but not used [-Wunused-function]
 static int SendRxBd(XAxiDma * AxiDmaInstPtr) {
            ^~~~~~~~
../src/project_PS.c:1062:12: warning: 'SendScatteredPacket' defined but not used [-Wunused-function]
 static int SendScatteredPacket(XAxiDma * AxiDmaInstPtr, \
            ^~~~~~~~~~~~~~~~~~~
../src/project_PS.c:909:12: warning: 'SendConsecutivePacket' defined but not used [-Wunused-function]
 static int SendConsecutivePacket(XAxiDma * AxiDmaInstPtr, \
            ^~~~~~~~~~~~~~~~~~~~~
../src/project_PS.c:224:13: warning: 'OutputLayer' defined but not used [-Wunused-variable]
  static int OutputLayer[OUTPUT_SIZE];
             ^~~~~~~~~~~
../src/project_PS.c:223:13: warning: 'HiddenLayer' defined but not used [-Wunused-variable]
  static int HiddenLayer[HIDDEN_SIZE];
             ^~~~~~~~~~~
'Finished building: ../src/project_PS.c'
' '
'Building target: Project_PS.elf'
'Invoking: ARM v7 gcc linker'
arm-none-eabi-gcc -mcpu=cortex-a9 -mfpu=vfpv3 -mfloat-abi=hard -Wl,-build-id=none -specs=Xilinx.spec -Wl,-T -Wl,../src/lscript.ld -L../../Project_PS_bsp/ps7_cortexa9_0/lib -o "Project_PS.elf"  ./src/platform.o ./src/project_PS.o   -Wl,--start-group,-lxil,-lgcc,-lc,--end-group
./src/project_PS.o: In function `networkPSsigmoid':
C:\Users\AlaiC\Desktop\project_test\project_test.sdk\Project_PS\Debug/../src/project_PS.c:1420: undefined reference to `exp'
collect2.exe: error: ld returned 1 exit status
make: *** [makefile:41: Project_PS.elf] Error 1
18:56:29 **** Auto Build of configuration Debug for project Project_PS ****
make pre-build main-build 
a9-linaro-pre-build-step
' '
'Building file: ../src/platform.c'
'Invoking: ARM v7 gcc compiler'
arm-none-eabi-gcc -Wall -O0 -g3 -c -fmessage-length=0 -MT"src/platform.o" -mcpu=cortex-a9 -mfpu=vfpv3 -mfloat-abi=hard -I../../Project_PS_bsp/ps7_cortexa9_0/include -MMD -MP -MF"src/platform.d" -MT"src/platform.o" -o "src/platform.o" "../src/platform.c"
In file included from ../src/platform.c:33:0:
../../Project_PS_bsp/ps7_cortexa9_0/include/xparameters.h:19:10: fatal error: xparameters_ps.h: No such file or directory
 #include "xparameters_ps.h"
          ^~~~~~~~~~~~~~~~~~
compilation terminated.
make: *** [src/subdir.mk:26: src/platform.o] Error 1
19:54:34 **** Auto Build of project Project_PS_bsp ****
make -k all 
"Running Make include in ps7_cortexa9_0/libsrc/axidma_v9_8/src"
make -C ps7_cortexa9_0/libsrc/axidma_v9_8/src -s include  "SHELL=CMD" "COMPILER=arm-none-eabi-gcc" "ARCHIVER=arm-none-eabi-ar" "COMPILER_FLAGS=  -O2 -c" "EXTRA_COMPILER_FLAGS=-mcpu=cortex-a9 -mfpu=vfpv3 -mfloat-abi=hard -nostartfiles -g -Wall -Wextra"
"Running Make include in ps7_cortexa9_0/libsrc/coresightps_dcc_v1_4/src"
make -C ps7_cortexa9_0/libsrc/coresightps_dcc_v1_4/src -s include  "SHELL=CMD" "COMPILER=arm-none-eabi-gcc" "ARCHIVER=arm-none-eabi-ar" "COMPILER_FLAGS=  -O2 -c" "EXTRA_COMPILER_FLAGS=-mcpu=cortex-a9 -mfpu=vfpv3 -mfloat-abi=hard -nostartfiles -g -Wall -Wextra"
"Running Make include in ps7_cortexa9_0/libsrc/cpu_cortexa9_v2_7/src"
make -C ps7_cortexa9_0/libsrc/cpu_cortexa9_v2_7/src -s include  "SHELL=CMD" "COMPILER=arm-none-eabi-gcc" "ARCHIVER=arm-none-eabi-ar" "COMPILER_FLAGS=  -O2 -c" "EXTRA_COMPILER_FLAGS=-mcpu=cortex-a9 -mfpu=vfpv3 -mfloat-abi=hard -nostartfiles -g -Wall -Wextra"
"Running Make include in ps7_cortexa9_0/libsrc/ddrps_v1_0/src"
make -C ps7_cortexa9_0/libsrc/ddrps_v1_0/src -s include  "SHELL=CMD" "COMPILER=arm-none-eabi-gcc" "ARCHIVER=arm-none-eabi-ar" "COMPILER_FLAGS=  -O2 -c" "EXTRA_COMPILER_FLAGS=-mcpu=cortex-a9 -mfpu=vfpv3 -mfloat-abi=hard -nostartfiles -g -Wall -Wextra"
"Running Make include in ps7_cortexa9_0/libsrc/devcfg_v3_5/src"
make -C ps7_cortexa9_0/libsrc/devcfg_v3_5/src -s include  "SHELL=CMD" "COMPILER=arm-none-eabi-gcc" "ARCHIVER=arm-none-eabi-ar" "COMPILER_FLAGS=  -O2 -c" "EXTRA_COMPILER_FLAGS=-mcpu=cortex-a9 -mfpu=vfpv3 -mfloat-abi=hard -nostartfiles -g -Wall -Wextra"
"Running Make include in ps7_cortexa9_0/libsrc/dmaps_v2_4/src"
make -C ps7_cortexa9_0/libsrc/dmaps_v2_4/src -s include  "SHELL=CMD" "COMPILER=arm-none-eabi-gcc" "ARCHIVER=arm-none-eabi-ar" "COMPILER_FLAGS=  -O2 -c" "EXTRA_COMPILER_FLAGS=-mcpu=cortex-a9 -mfpu=vfpv3 -mfloat-abi=hard -nostartfiles -g -Wall -Wextra"
"Running Make include in ps7_cortexa9_0/libsrc/gpiops_v3_4/src"
make -C ps7_cortexa9_0/libsrc/gpiops_v3_4/src -s include  "SHELL=CMD" "COMPILER=arm-none-eabi-gcc" "ARCHIVER=arm-none-eabi-ar" "COMPILER_FLAGS=  -O2 -c" "EXTRA_COMPILER_FLAGS=-mcpu=cortex-a9 -mfpu=vfpv3 -mfloat-abi=hard -nostartfiles -g -Wall -Wextra"
"Running Make include in ps7_cortexa9_0/libsrc/iicps_v3_8/src"
make -C ps7_cortexa9_0/libsrc/iicps_v3_8/src -s include  "SHELL=CMD" "COMPILER=arm-none-eabi-gcc" "ARCHIVER=arm-none-eabi-ar" "COMPILER_FLAGS=  -O2 -c" "EXTRA_COMPILER_FLAGS=-mcpu=cortex-a9 -mfpu=vfpv3 -mfloat-abi=hard -nostartfiles -g -Wall -Wextra"
"Running Make include in ps7_cortexa9_0/libsrc/mult_accel_core_call_top_v1_0/src"
make -C ps7_cortexa9_0/libsrc/mult_accel_core_call_top_v1_0/src -s include  "SHELL=CMD" "COMPILER=arm-none-eabi-gcc" "ARCHIVER=arm-none-eabi-ar" "COMPILER_FLAGS=  -O2 -c" "EXTRA_COMPILER_FLAGS=-mcpu=cortex-a9 -mfpu=vfpv3 -mfloat-abi=hard -nostartfiles -g -Wall -Wextra"
"Running Make include in ps7_cortexa9_0/libsrc/qspips_v3_5/src"
make -C ps7_cortexa9_0/libsrc/qspips_v3_5/src -s include  "SHELL=CMD" "COMPILER=arm-none-eabi-gcc" "ARCHIVER=arm-none-eabi-ar" "COMPILER_FLAGS=  -O2 -c" "EXTRA_COMPILER_FLAGS=-mcpu=cortex-a9 -mfpu=vfpv3 -mfloat-abi=hard -nostartfiles -g -Wall -Wextra"
"Running Make include in ps7_cortexa9_0/libsrc/scugic_v3_10/src"
make -C ps7_cortexa9_0/libsrc/scugic_v3_10/src -s include  "SHELL=CMD" "COMPILER=arm-none-eabi-gcc" "ARCHIVER=arm-none-eabi-ar" "COMPILER_FLAGS=  -O2 -c" "EXTRA_COMPILER_FLAGS=-mcpu=cortex-a9 -mfpu=vfpv3 -mfloat-abi=hard -nostartfiles -g -Wall -Wextra"
"Running Make include in ps7_cortexa9_0/libsrc/scutimer_v2_1/src"
make -C ps7_cortexa9_0/libsrc/scutimer_v2_1/src -s include  "SHELL=CMD" "COMPILER=arm-none-eabi-gcc" "ARCHIVER=arm-none-eabi-ar" "COMPILER_FLAGS=  -O2 -c" "EXTRA_COMPILER_FLAGS=-mcpu=cortex-a9 -mfpu=vfpv3 -mfloat-abi=hard -nostartfiles -g -Wall -Wextra"
"Running Make include in ps7_cortexa9_0/libsrc/scuwdt_v2_1/src"
make -C ps7_cortexa9_0/libsrc/scuwdt_v2_1/src -s include  "SHELL=CMD" "COMPILER=arm-none-eabi-gcc" "ARCHIVER=arm-none-eabi-ar" "COMPILER_FLAGS=  -O2 -c" "EXTRA_COMPILER_FLAGS=-mcpu=cortex-a9 -mfpu=vfpv3 -mfloat-abi=hard -nostartfiles -g -Wall -Wextra"
"Running Make include in ps7_cortexa9_0/libsrc/sdps_v3_6/src"
make -C ps7_cortexa9_0/libsrc/sdps_v3_6/src -s include  "SHELL=CMD" "COMPILER=arm-none-eabi-gcc" "ARCHIVER=arm-none-eabi-ar" "COMPILER_FLAGS=  -O2 -c" "EXTRA_COMPILER_FLAGS=-mcpu=cortex-a9 -mfpu=vfpv3 -mfloat-abi=hard -nostartfiles -g -Wall -Wextra"
"Running Make include in ps7_cortexa9_0/libsrc/standalone_v6_8/src"
make -C ps7_cortexa9_0/libsrc/standalone_v6_8/src -s include  "SHELL=CMD" "COMPILER=arm-none-eabi-gcc" "ARCHIVER=arm-none-eabi-ar" "COMPILER_FLAGS=  -O2 -c" "EXTRA_COMPILER_FLAGS=-mcpu=cortex-a9 -mfpu=vfpv3 -mfloat-abi=hard -nostartfiles -g -Wall -Wextra"
"Running Make include in ps7_cortexa9_0/libsrc/uartps_v3_7/src"
make -C ps7_cortexa9_0/libsrc/uartps_v3_7/src -s include  "SHELL=CMD" "COMPILER=arm-none-eabi-gcc" "ARCHIVER=arm-none-eabi-ar" "COMPILER_FLAGS=  -O2 -c" "EXTRA_COMPILER_FLAGS=-mcpu=cortex-a9 -mfpu=vfpv3 -mfloat-abi=hard -nostartfiles -g -Wall -Wextra"
"Running Make include in ps7_cortexa9_0/libsrc/usbps_v2_4/src"
make -C ps7_cortexa9_0/libsrc/usbps_v2_4/src -s include  "SHELL=CMD" "COMPILER=arm-none-eabi-gcc" "ARCHIVER=arm-none-eabi-ar" "COMPILER_FLAGS=  -O2 -c" "EXTRA_COMPILER_FLAGS=-mcpu=cortex-a9 -mfpu=vfpv3 -mfloat-abi=hard -nostartfiles -g -Wall -Wextra"
"Running Make include in ps7_cortexa9_0/libsrc/xadcps_v2_3/src"
make -C ps7_cortexa9_0/libsrc/xadcps_v2_3/src -s include  "SHELL=CMD" "COMPILER=arm-none-eabi-gcc" "ARCHIVER=arm-none-eabi-ar" "COMPILER_FLAGS=  -O2 -c" "EXTRA_COMPILER_FLAGS=-mcpu=cortex-a9 -mfpu=vfpv3 -mfloat-abi=hard -nostartfiles -g -Wall -Wextra"
"Running Make libs in ps7_cortexa9_0/libsrc/axidma_v9_8/src"
make -C ps7_cortexa9_0/libsrc/axidma_v9_8/src -s libs  "SHELL=CMD" "COMPILER=arm-none-eabi-gcc" "ARCHIVER=arm-none-eabi-ar" "COMPILER_FLAGS=  -O2 -c" "EXTRA_COMPILER_FLAGS=-mcpu=cortex-a9 -mfpu=vfpv3 -mfloat-abi=hard -nostartfiles -g -Wall -Wextra"
"Compiling axidma"
arm-none-eabi-ar: creating ../../../lib/libxil.a
"Running Make libs in ps7_cortexa9_0/libsrc/coresightps_dcc_v1_4/src"
make -C ps7_cortexa9_0/libsrc/coresightps_dcc_v1_4/src -s libs  "SHELL=CMD" "COMPILER=arm-none-eabi-gcc" "ARCHIVER=arm-none-eabi-ar" "COMPILER_FLAGS=  -O2 -c" "EXTRA_COMPILER_FLAGS=-mcpu=cortex-a9 -mfpu=vfpv3 -mfloat-abi=hard -nostartfiles -g -Wall -Wextra"
"Compiling coresightps_dcc"
"Running Make libs in ps7_cortexa9_0/libsrc/cpu_cortexa9_v2_7/src"
make -C ps7_cortexa9_0/libsrc/cpu_cortexa9_v2_7/src -s libs  "SHELL=CMD" "COMPILER=arm-none-eabi-gcc" "ARCHIVER=arm-none-eabi-ar" "COMPILER_FLAGS=  -O2 -c" "EXTRA_COMPILER_FLAGS=-mcpu=cortex-a9 -mfpu=vfpv3 -mfloat-abi=hard -nostartfiles -g -Wall -Wextra"
"Compiling cpu_cortexa9"
"Running Make libs in ps7_cortexa9_0/libsrc/ddrps_v1_0/src"
make -C ps7_cortexa9_0/libsrc/ddrps_v1_0/src -s libs  "SHELL=CMD" "COMPILER=arm-none-eabi-gcc" "ARCHIVER=arm-none-eabi-ar" "COMPILER_FLAGS=  -O2 -c" "EXTRA_COMPILER_FLAGS=-mcpu=cortex-a9 -mfpu=vfpv3 -mfloat-abi=hard -nostartfiles -g -Wall -Wextra"
"Compiling ddrps"
"Running Make libs in ps7_cortexa9_0/libsrc/devcfg_v3_5/src"
make -C ps7_cortexa9_0/libsrc/devcfg_v3_5/src -s libs  "SHELL=CMD" "COMPILER=arm-none-eabi-gcc" "ARCHIVER=arm-none-eabi-ar" "COMPILER_FLAGS=  -O2 -c" "EXTRA_COMPILER_FLAGS=-mcpu=cortex-a9 -mfpu=vfpv3 -mfloat-abi=hard -nostartfiles -g -Wall -Wextra"
"Compiling devcfg"
"Running Make libs in ps7_cortexa9_0/libsrc/dmaps_v2_4/src"
make -C ps7_cortexa9_0/libsrc/dmaps_v2_4/src -s libs  "SHELL=CMD" "COMPILER=arm-none-eabi-gcc" "ARCHIVER=arm-none-eabi-ar" "COMPILER_FLAGS=  -O2 -c" "EXTRA_COMPILER_FLAGS=-mcpu=cortex-a9 -mfpu=vfpv3 -mfloat-abi=hard -nostartfiles -g -Wall -Wextra"
"Compiling dmaps"
"Running Make libs in ps7_cortexa9_0/libsrc/gpiops_v3_4/src"
make -C ps7_cortexa9_0/libsrc/gpiops_v3_4/src -s libs  "SHELL=CMD" "COMPILER=arm-none-eabi-gcc" "ARCHIVER=arm-none-eabi-ar" "COMPILER_FLAGS=  -O2 -c" "EXTRA_COMPILER_FLAGS=-mcpu=cortex-a9 -mfpu=vfpv3 -mfloat-abi=hard -nostartfiles -g -Wall -Wextra"
"Compiling gpiops"
"Running Make libs in ps7_cortexa9_0/libsrc/iicps_v3_8/src"
make -C ps7_cortexa9_0/libsrc/iicps_v3_8/src -s libs  "SHELL=CMD" "COMPILER=arm-none-eabi-gcc" "ARCHIVER=arm-none-eabi-ar" "COMPILER_FLAGS=  -O2 -c" "EXTRA_COMPILER_FLAGS=-mcpu=cortex-a9 -mfpu=vfpv3 -mfloat-abi=hard -nostartfiles -g -Wall -Wextra"
"Compiling iicps"
"Running Make libs in ps7_cortexa9_0/libsrc/mult_accel_core_call_top_v1_0/src"
make -C ps7_cortexa9_0/libsrc/mult_accel_core_call_top_v1_0/src -s libs  "SHELL=CMD" "COMPILER=arm-none-eabi-gcc" "ARCHIVER=arm-none-eabi-ar" "COMPILER_FLAGS=  -O2 -c" "EXTRA_COMPILER_FLAGS=-mcpu=cortex-a9 -mfpu=vfpv3 -mfloat-abi=hard -nostartfiles -g -Wall -Wextra"
"Compiling mult_accel_core_call_top"
"Running Make libs in ps7_cortexa9_0/libsrc/qspips_v3_5/src"
make -C ps7_cortexa9_0/libsrc/qspips_v3_5/src -s libs  "SHELL=CMD" "COMPILER=arm-none-eabi-gcc" "ARCHIVER=arm-none-eabi-ar" "COMPILER_FLAGS=  -O2 -c" "EXTRA_COMPILER_FLAGS=-mcpu=cortex-a9 -mfpu=vfpv3 -mfloat-abi=hard -nostartfiles -g -Wall -Wextra"
"Compiling qspips"
"Running Make libs in ps7_cortexa9_0/libsrc/scugic_v3_10/src"
make -C ps7_cortexa9_0/libsrc/scugic_v3_10/src -s libs  "SHELL=CMD" "COMPILER=arm-none-eabi-gcc" "ARCHIVER=arm-none-eabi-ar" "COMPILER_FLAGS=  -O2 -c" "EXTRA_COMPILER_FLAGS=-mcpu=cortex-a9 -mfpu=vfpv3 -mfloat-abi=hard -nostartfiles -g -Wall -Wextra"
"Compiling scugic"
"Running Make libs in ps7_cortexa9_0/libsrc/scutimer_v2_1/src"
make -C ps7_cortexa9_0/libsrc/scutimer_v2_1/src -s libs  "SHELL=CMD" "COMPILER=arm-none-eabi-gcc" "ARCHIVER=arm-none-eabi-ar" "COMPILER_FLAGS=  -O2 -c" "EXTRA_COMPILER_FLAGS=-mcpu=cortex-a9 -mfpu=vfpv3 -mfloat-abi=hard -nostartfiles -g -Wall -Wextra"
"Compiling scutimer"
"Running Make libs in ps7_cortexa9_0/libsrc/scuwdt_v2_1/src"
make -C ps7_cortexa9_0/libsrc/scuwdt_v2_1/src -s libs  "SHELL=CMD" "COMPILER=arm-none-eabi-gcc" "ARCHIVER=arm-none-eabi-ar" "COMPILER_FLAGS=  -O2 -c" "EXTRA_COMPILER_FLAGS=-mcpu=cortex-a9 -mfpu=vfpv3 -mfloat-abi=hard -nostartfiles -g -Wall -Wextra"
"Compiling scuwdt"
"Running Make libs in ps7_cortexa9_0/libsrc/sdps_v3_6/src"
make -C ps7_cortexa9_0/libsrc/sdps_v3_6/src -s libs  "SHELL=CMD" "COMPILER=arm-none-eabi-gcc" "ARCHIVER=arm-none-eabi-ar" "COMPILER_FLAGS=  -O2 -c" "EXTRA_COMPILER_FLAGS=-mcpu=cortex-a9 -mfpu=vfpv3 -mfloat-abi=hard -nostartfiles -g -Wall -Wextra"
"Compiling sdps"
"Running Make libs in ps7_cortexa9_0/libsrc/standalone_v6_8/src"
make -C ps7_cortexa9_0/libsrc/standalone_v6_8/src -s libs  "SHELL=CMD" "COMPILER=arm-none-eabi-gcc" "ARCHIVER=arm-none-eabi-ar" "COMPILER_FLAGS=  -O2 -c" "EXTRA_COMPILER_FLAGS=-mcpu=cortex-a9 -mfpu=vfpv3 -mfloat-abi=hard -nostartfiles -g -Wall -Wextra"
"Compiling standalone"
In file included from usleep.c:56:0:
xtime_l.h:87:9: note: #pragma message: For the sleep routines, Global timer is being used
 #pragma message ("For the sleep routines, Global timer is being used")
         ^~~~~~~
In file included from xil_sleeptimer.c:51:0:
xtime_l.h:87:9: note: #pragma message: For the sleep routines, Global timer is being used
 #pragma message ("For the sleep routines, Global timer is being used")
         ^~~~~~~
In file included from xtime_l.c:49:0:
xtime_l.h:87:9: note: #pragma message: For the sleep routines, Global timer is being used
 #pragma message ("For the sleep routines, Global timer is being used")
         ^~~~~~~
In file included from sleep.c:53:0:
xtime_l.h:87:9: note: #pragma message: For the sleep routines, Global timer is being used
 #pragma message ("For the sleep routines, Global timer is being used")
         ^~~~~~~
"Running Make libs in ps7_cortexa9_0/libsrc/uartps_v3_7/src"
make -C ps7_cortexa9_0/libsrc/uartps_v3_7/src -s libs  "SHELL=CMD" "COMPILER=arm-none-eabi-gcc" "ARCHIVER=arm-none-eabi-ar" "COMPILER_FLAGS=  -O2 -c" "EXTRA_COMPILER_FLAGS=-mcpu=cortex-a9 -mfpu=vfpv3 -mfloat-abi=hard -nostartfiles -g -Wall -Wextra"
"Compiling uartps"
"Running Make libs in ps7_cortexa9_0/libsrc/usbps_v2_4/src"
make -C ps7_cortexa9_0/libsrc/usbps_v2_4/src -s libs  "SHELL=CMD" "COMPILER=arm-none-eabi-gcc" "ARCHIVER=arm-none-eabi-ar" "COMPILER_FLAGS=  -O2 -c" "EXTRA_COMPILER_FLAGS=-mcpu=cortex-a9 -mfpu=vfpv3 -mfloat-abi=hard -nostartfiles -g -Wall -Wextra"
"Compiling usbps"
"Running Make libs in ps7_cortexa9_0/libsrc/xadcps_v2_3/src"
make -C ps7_cortexa9_0/libsrc/xadcps_v2_3/src -s libs  "SHELL=CMD" "COMPILER=arm-none-eabi-gcc" "ARCHIVER=arm-none-eabi-ar" "COMPILER_FLAGS=  -O2 -c" "EXTRA_COMPILER_FLAGS=-mcpu=cortex-a9 -mfpu=vfpv3 -mfloat-abi=hard -nostartfiles -g -Wall -Wextra"
"Compiling xadcps"
'Finished building libraries'
19:54:52 **** Auto Build of configuration Debug for project Project_PS ****
make pre-build main-build 
a9-linaro-pre-build-step
' '
'Building file: ../src/platform.c'
'Invoking: ARM v7 gcc compiler'
arm-none-eabi-gcc -Wall -O0 -g3 -c -fmessage-length=0 -MT"src/platform.o" -mcpu=cortex-a9 -mfpu=vfpv3 -mfloat-abi=hard -I../../Project_PS_bsp/ps7_cortexa9_0/include -MMD -MP -MF"src/platform.d" -MT"src/platform.o" -o "src/platform.o" "../src/platform.c"
'Finished building: ../src/platform.c'
' '
'Building file: ../src/project_PS.c'
'Invoking: ARM v7 gcc compiler'
arm-none-eabi-gcc -Wall -O0 -g3 -c -fmessage-length=0 -MT"src/project_PS.o" -mcpu=cortex-a9 -mfpu=vfpv3 -mfloat-abi=hard -I../../Project_PS_bsp/ps7_cortexa9_0/include -MMD -MP -MF"src/project_PS.d" -MT"src/project_PS.o" -o "src/project_PS.o" "../src/project_PS.c"
../src/project_PS.c:91:3: warning: #warning CHECK FOR THE VALID DDR ADDRESS IN XPARAMETERS.H, DEFAULT SET TO 0x01000000 [-Wcpp]
  #warning CHECK FOR THE VALID DDR ADDRESS IN XPARAMETERS.H, \
   ^~~~~~~
../src/project_PS.c: In function 'main':
../src/project_PS.c:257:7: warning: unused variable 'Image' [-Wunused-variable]
   int Image;
       ^~~~~
../src/project_PS.c:255:13: warning: unused variable 'ImageCount' [-Wunused-variable]
   const int ImageCount = 500; // Cannot be larger than the data in images_fixed.c
             ^~~~~~~~~~
../src/project_PS.c:254:16: warning: unused variable 'No' [-Wunused-variable]
   int Yes = 0, No = 0;
                ^~
../src/project_PS.c:254:7: warning: unused variable 'Yes' [-Wunused-variable]
   int Yes = 0, No = 0;
       ^~~
../src/project_PS.c:253:7: warning: unused variable 'InferredLabel' [-Wunused-variable]
   int InferredLabel;   // Network's final answer
       ^~~~~~~~~~~~~
../src/project_PS.c: At top level:
../src/project_PS.c:190:13: warning: 'anExampleCalculation' declared 'static' but never defined [-Wunused-function]
  static int anExampleCalculation(int* image);
             ^~~~~~~~~~~~~~~~~~~~
../src/project_PS.c:191:13: warning: 'VerifyWithPs' declared 'static' but never defined [-Wunused-function]
  static int VerifyWithPs();
             ^~~~~~~~~~~~
../src/project_PS.c:1186:12: warning: 'SendRxBd' defined but not used [-Wunused-function]
 static int SendRxBd(XAxiDma * AxiDmaInstPtr) {
            ^~~~~~~~
../src/project_PS.c:1055:12: warning: 'SendScatteredPacket' defined but not used [-Wunused-function]
 static int SendScatteredPacket(XAxiDma * AxiDmaInstPtr, \
            ^~~~~~~~~~~~~~~~~~~
../src/project_PS.c:902:12: warning: 'SendConsecutivePacket' defined but not used [-Wunused-function]
 static int SendConsecutivePacket(XAxiDma * AxiDmaInstPtr, \
            ^~~~~~~~~~~~~~~~~~~~~
../src/project_PS.c:217:13: warning: 'OutputLayer' defined but not used [-Wunused-variable]
  static int OutputLayer[OUTPUT_SIZE];
             ^~~~~~~~~~~
../src/project_PS.c:216:13: warning: 'HiddenLayer' defined but not used [-Wunused-variable]
  static int HiddenLayer[HIDDEN_SIZE];
             ^~~~~~~~~~~
'Finished building: ../src/project_PS.c'
' '
'Building target: Project_PS.elf'
'Invoking: ARM v7 gcc linker'
arm-none-eabi-gcc -mcpu=cortex-a9 -mfpu=vfpv3 -mfloat-abi=hard -Wl,-build-id=none -specs=Xilinx.spec -Wl,-T -Wl,../src/lscript.ld -L../../Project_PS_bsp/ps7_cortexa9_0/lib -o "Project_PS.elf"  ./src/platform.o ./src/project_PS.o   -Wl,--start-group,-lxil,-lgcc,-lc,--end-group
./src/project_PS.o: In function `networkPSsigmoid':
C:\Users\AlaiC\Desktop\project_test\project_test.sdk\Project_PS\Debug/../src/project_PS.c:1331: undefined reference to `exp'
collect2.exe: error: ld returned 1 exit status
make: *** [makefile:41: Project_PS.elf] Error 1
20:05:30 **** Auto Build of configuration Debug for project Project_PS ****
make pre-build main-build 
a9-linaro-pre-build-step
' '
'Building file: ../src/project_PS.c'
'Invoking: ARM v7 gcc compiler'
arm-none-eabi-gcc -Wall -O0 -g3 -c -fmessage-length=0 -MT"src/project_PS.o" -mcpu=cortex-a9 -mfpu=vfpv3 -mfloat-abi=hard -I../../Project_PS_bsp/ps7_cortexa9_0/include -MMD -MP -MF"src/project_PS.d" -MT"src/project_PS.o" -o "src/project_PS.o" "../src/project_PS.c"
../src/project_PS.c:91:3: warning: #warning CHECK FOR THE VALID DDR ADDRESS IN XPARAMETERS.H, DEFAULT SET TO 0x01000000 [-Wcpp]
  #warning CHECK FOR THE VALID DDR ADDRESS IN XPARAMETERS.H, \
   ^~~~~~~
../src/project_PS.c: In function 'main':
../src/project_PS.c:257:7: warning: unused variable 'Image' [-Wunused-variable]
   int Image;
       ^~~~~
../src/project_PS.c:255:13: warning: unused variable 'ImageCount' [-Wunused-variable]
   const int ImageCount = 500; // Cannot be larger than the data in images_fixed.c
             ^~~~~~~~~~
../src/project_PS.c:254:16: warning: unused variable 'No' [-Wunused-variable]
   int Yes = 0, No = 0;
                ^~
../src/project_PS.c:254:7: warning: unused variable 'Yes' [-Wunused-variable]
   int Yes = 0, No = 0;
       ^~~
../src/project_PS.c:253:7: warning: unused variable 'InferredLabel' [-Wunused-variable]
   int InferredLabel;   // Network's final answer
       ^~~~~~~~~~~~~
../src/project_PS.c: At top level:
../src/project_PS.c:190:13: warning: 'anExampleCalculation' declared 'static' but never defined [-Wunused-function]
  static int anExampleCalculation(int* image);
             ^~~~~~~~~~~~~~~~~~~~
../src/project_PS.c:191:13: warning: 'VerifyWithPs' declared 'static' but never defined [-Wunused-function]
  static int VerifyWithPs();
             ^~~~~~~~~~~~
../src/project_PS.c:1186:12: warning: 'SendRxBd' defined but not used [-Wunused-function]
 static int SendRxBd(XAxiDma * AxiDmaInstPtr) {
            ^~~~~~~~
../src/project_PS.c:1055:12: warning: 'SendScatteredPacket' defined but not used [-Wunused-function]
 static int SendScatteredPacket(XAxiDma * AxiDmaInstPtr, \
            ^~~~~~~~~~~~~~~~~~~
../src/project_PS.c:902:12: warning: 'SendConsecutivePacket' defined but not used [-Wunused-function]
 static int SendConsecutivePacket(XAxiDma * AxiDmaInstPtr, \
            ^~~~~~~~~~~~~~~~~~~~~
../src/project_PS.c:217:13: warning: 'OutputLayer' defined but not used [-Wunused-variable]
  static int OutputLayer[OUTPUT_SIZE];
             ^~~~~~~~~~~
../src/project_PS.c:216:13: warning: 'HiddenLayer' defined but not used [-Wunused-variable]
  static int HiddenLayer[HIDDEN_SIZE];
             ^~~~~~~~~~~
'Finished building: ../src/project_PS.c'
' '
'Building target: Project_PS.elf'
'Invoking: ARM v7 gcc linker'
arm-none-eabi-gcc -mcpu=cortex-a9 -mfpu=vfpv3 -mfloat-abi=hard -Wl,-build-id=none -specs=Xilinx.spec -Wl,-T -Wl,../src/lscript.ld -L../../Project_PS_bsp/ps7_cortexa9_0/lib -o "Project_PS.elf"  ./src/platform.o ./src/project_PS.o   -Wl,--start-group,-lxil,-lgcc,-lc,--end-group
./src/project_PS.o: In function `networkPSsigmoid':
C:\Users\AlaiC\Desktop\project_test\project_test.sdk\Project_PS\Debug/../src/project_PS.c:1331: undefined reference to `exp'
collect2.exe: error: ld returned 1 exit status
make: *** [makefile:41: Project_PS.elf] Error 1
20:07:03 **** Auto Build of configuration Debug for project Project_PS ****
make pre-build main-build 
a9-linaro-pre-build-step
' '
'Building file: ../src/project_PS.c'
'Invoking: ARM v7 gcc compiler'
arm-none-eabi-gcc -Wall -O0 -g3 -c -fmessage-length=0 -MT"src/project_PS.o" -mcpu=cortex-a9 -mfpu=vfpv3 -mfloat-abi=hard -I../../Project_PS_bsp/ps7_cortexa9_0/include -MMD -MP -MF"src/project_PS.d" -MT"src/project_PS.o" -o "src/project_PS.o" "../src/project_PS.c"
../src/project_PS.c:91:3: warning: #warning CHECK FOR THE VALID DDR ADDRESS IN XPARAMETERS.H, DEFAULT SET TO 0x01000000 [-Wcpp]
  #warning CHECK FOR THE VALID DDR ADDRESS IN XPARAMETERS.H, \
   ^~~~~~~
../src/project_PS.c: In function 'main':
../src/project_PS.c:257:7: warning: unused variable 'Image' [-Wunused-variable]
   int Image;
       ^~~~~
../src/project_PS.c:255:13: warning: unused variable 'ImageCount' [-Wunused-variable]
   const int ImageCount = 500; // Cannot be larger than the data in images_fixed.c
             ^~~~~~~~~~
../src/project_PS.c:254:16: warning: unused variable 'No' [-Wunused-variable]
   int Yes = 0, No = 0;
                ^~
../src/project_PS.c:254:7: warning: unused variable 'Yes' [-Wunused-variable]
   int Yes = 0, No = 0;
       ^~~
../src/project_PS.c:253:7: warning: unused variable 'InferredLabel' [-Wunused-variable]
   int InferredLabel;   // Network's final answer
       ^~~~~~~~~~~~~
../src/project_PS.c: At top level:
../src/project_PS.c:190:13: warning: 'anExampleCalculation' declared 'static' but never defined [-Wunused-function]
  static int anExampleCalculation(int* image);
             ^~~~~~~~~~~~~~~~~~~~
../src/project_PS.c:191:13: warning: 'VerifyWithPs' declared 'static' but never defined [-Wunused-function]
  static int VerifyWithPs();
             ^~~~~~~~~~~~
../src/project_PS.c:1186:12: warning: 'SendRxBd' defined but not used [-Wunused-function]
 static int SendRxBd(XAxiDma * AxiDmaInstPtr) {
            ^~~~~~~~
../src/project_PS.c:1055:12: warning: 'SendScatteredPacket' defined but not used [-Wunused-function]
 static int SendScatteredPacket(XAxiDma * AxiDmaInstPtr, \
            ^~~~~~~~~~~~~~~~~~~
../src/project_PS.c:902:12: warning: 'SendConsecutivePacket' defined but not used [-Wunused-function]
 static int SendConsecutivePacket(XAxiDma * AxiDmaInstPtr, \
            ^~~~~~~~~~~~~~~~~~~~~
'Finished building: ../src/project_PS.c'
' '
'Building target: Project_PS.elf'
'Invoking: ARM v7 gcc linker'
arm-none-eabi-gcc -mcpu=cortex-a9 -mfpu=vfpv3 -mfloat-abi=hard -Wl,-build-id=none -specs=Xilinx.spec -Wl,-T -Wl,../src/lscript.ld -L../../Project_PS_bsp/ps7_cortexa9_0/lib -o "Project_PS.elf"  ./src/platform.o ./src/project_PS.o   -Wl,--start-group,-lxil,-lgcc,-lc,--end-group
./src/project_PS.o: In function `networkPSsigmoid':
C:\Users\AlaiC\Desktop\project_test\project_test.sdk\Project_PS\Debug/../src/project_PS.c:1331: undefined reference to `exp'
collect2.exe: error: ld returned 1 exit status
make: *** [makefile:41: Project_PS.elf] Error 1
20:12:27 **** Auto Build of configuration Debug for project Project_PS ****
make pre-build main-build 
a9-linaro-pre-build-step
' '
'Building file: ../src/project_PS.c'
'Invoking: ARM v7 gcc compiler'
arm-none-eabi-gcc -Wall -O0 -g3 -c -fmessage-length=0 -MT"src/project_PS.o" -mcpu=cortex-a9 -mfpu=vfpv3 -mfloat-abi=hard -I../../Project_PS_bsp/ps7_cortexa9_0/include -MMD -MP -MF"src/project_PS.d" -MT"src/project_PS.o" -o "src/project_PS.o" "../src/project_PS.c"
../src/project_PS.c:91:3: warning: #warning CHECK FOR THE VALID DDR ADDRESS IN XPARAMETERS.H, DEFAULT SET TO 0x01000000 [-Wcpp]
  #warning CHECK FOR THE VALID DDR ADDRESS IN XPARAMETERS.H, \
   ^~~~~~~
../src/project_PS.c: In function 'main':
../src/project_PS.c:257:7: warning: unused variable 'Image' [-Wunused-variable]
   int Image;
       ^~~~~
../src/project_PS.c:255:13: warning: unused variable 'ImageCount' [-Wunused-variable]
   const int ImageCount = 500; // Cannot be larger than the data in images_fixed.c
             ^~~~~~~~~~
../src/project_PS.c:254:16: warning: unused variable 'No' [-Wunused-variable]
   int Yes = 0, No = 0;
                ^~
../src/project_PS.c:254:7: warning: unused variable 'Yes' [-Wunused-variable]
   int Yes = 0, No = 0;
       ^~~
../src/project_PS.c:253:7: warning: unused variable 'InferredLabel' [-Wunused-variable]
   int InferredLabel;   // Network's final answer
       ^~~~~~~~~~~~~
../src/project_PS.c: At top level:
../src/project_PS.c:190:13: warning: 'anExampleCalculation' declared 'static' but never defined [-Wunused-function]
  static int anExampleCalculation(int* image);
             ^~~~~~~~~~~~~~~~~~~~
../src/project_PS.c:191:13: warning: 'VerifyWithPs' declared 'static' but never defined [-Wunused-function]
  static int VerifyWithPs();
             ^~~~~~~~~~~~
../src/project_PS.c:1186:12: warning: 'SendRxBd' defined but not used [-Wunused-function]
 static int SendRxBd(XAxiDma * AxiDmaInstPtr) {
            ^~~~~~~~
../src/project_PS.c:1055:12: warning: 'SendScatteredPacket' defined but not used [-Wunused-function]
 static int SendScatteredPacket(XAxiDma * AxiDmaInstPtr, \
            ^~~~~~~~~~~~~~~~~~~
../src/project_PS.c:902:12: warning: 'SendConsecutivePacket' defined but not used [-Wunused-function]
 static int SendConsecutivePacket(XAxiDma * AxiDmaInstPtr, \
            ^~~~~~~~~~~~~~~~~~~~~
../src/project_PS.c:217:13: warning: 'OutputLayer' defined but not used [-Wunused-variable]
  static int OutputLayer[OUTPUT_SIZE];
             ^~~~~~~~~~~
../src/project_PS.c:216:13: warning: 'HiddenLayer' defined but not used [-Wunused-variable]
  static int HiddenLayer[HIDDEN_SIZE];
             ^~~~~~~~~~~
'Finished building: ../src/project_PS.c'
' '
'Building target: Project_PS.elf'
'Invoking: ARM v7 gcc linker'
arm-none-eabi-gcc -mcpu=cortex-a9 -mfpu=vfpv3 -mfloat-abi=hard -Wl,-build-id=none -specs=Xilinx.spec -Wl,-T -Wl,../src/lscript.ld -L../../Project_PS_bsp/ps7_cortexa9_0/lib -o "Project_PS.elf"  ./src/platform.o ./src/project_PS.o   -Wl,--start-group,-lxil,-lgcc,-lc,--end-group
./src/project_PS.o: In function `networkPSsigmoid':
C:\Users\AlaiC\Desktop\project_test\project_test.sdk\Project_PS\Debug/../src/project_PS.c:1331: undefined reference to `exp'
collect2.exe: error: ld returned 1 exit status
make: *** [makefile:41: Project_PS.elf] Error 1
20:14:08 **** Auto Build of configuration Debug for project Project_PS ****
make pre-build main-build 
a9-linaro-pre-build-step
' '
'Building file: ../src/project_PS.c'
'Invoking: ARM v7 gcc compiler'
arm-none-eabi-gcc -Wall -O0 -g3 -c -fmessage-length=0 -MT"src/project_PS.o" -mcpu=cortex-a9 -mfpu=vfpv3 -mfloat-abi=hard -I../../Project_PS_bsp/ps7_cortexa9_0/include -MMD -MP -MF"src/project_PS.d" -MT"src/project_PS.o" -o "src/project_PS.o" "../src/project_PS.c"
../src/project_PS.c:91:3: warning: #warning CHECK FOR THE VALID DDR ADDRESS IN XPARAMETERS.H, DEFAULT SET TO 0x01000000 [-Wcpp]
  #warning CHECK FOR THE VALID DDR ADDRESS IN XPARAMETERS.H, \
   ^~~~~~~
../src/project_PS.c: In function 'main':
../src/project_PS.c:257:7: warning: unused variable 'Image' [-Wunused-variable]
   int Image;
       ^~~~~
../src/project_PS.c:255:13: warning: unused variable 'ImageCount' [-Wunused-variable]
   const int ImageCount = 500; // Cannot be larger than the data in images_fixed.c
             ^~~~~~~~~~
../src/project_PS.c:254:16: warning: unused variable 'No' [-Wunused-variable]
   int Yes = 0, No = 0;
                ^~
../src/project_PS.c:254:7: warning: unused variable 'Yes' [-Wunused-variable]
   int Yes = 0, No = 0;
       ^~~
../src/project_PS.c:253:7: warning: unused variable 'InferredLabel' [-Wunused-variable]
   int InferredLabel;   // Network's final answer
       ^~~~~~~~~~~~~
../src/project_PS.c: At top level:
../src/project_PS.c:190:13: warning: 'anExampleCalculation' declared 'static' but never defined [-Wunused-function]
  static int anExampleCalculation(int* image);
             ^~~~~~~~~~~~~~~~~~~~
../src/project_PS.c:191:13: warning: 'VerifyWithPs' declared 'static' but never defined [-Wunused-function]
  static int VerifyWithPs();
             ^~~~~~~~~~~~
../src/project_PS.c:1186:12: warning: 'SendRxBd' defined but not used [-Wunused-function]
 static int SendRxBd(XAxiDma * AxiDmaInstPtr) {
            ^~~~~~~~
../src/project_PS.c:1055:12: warning: 'SendScatteredPacket' defined but not used [-Wunused-function]
 static int SendScatteredPacket(XAxiDma * AxiDmaInstPtr, \
            ^~~~~~~~~~~~~~~~~~~
../src/project_PS.c:902:12: warning: 'SendConsecutivePacket' defined but not used [-Wunused-function]
 static int SendConsecutivePacket(XAxiDma * AxiDmaInstPtr, \
            ^~~~~~~~~~~~~~~~~~~~~
../src/project_PS.c:217:13: warning: 'OutputLayer' defined but not used [-Wunused-variable]
  static int OutputLayer[OUTPUT_SIZE];
             ^~~~~~~~~~~
../src/project_PS.c:216:13: warning: 'HiddenLayer' defined but not used [-Wunused-variable]
  static int HiddenLayer[HIDDEN_SIZE];
             ^~~~~~~~~~~
'Finished building: ../src/project_PS.c'
' '
'Building target: Project_PS.elf'
'Invoking: ARM v7 gcc linker'
arm-none-eabi-gcc -mcpu=cortex-a9 -mfpu=vfpv3 -mfloat-abi=hard -Wl,-build-id=none -specs=Xilinx.spec -Wl,-T -Wl,../src/lscript.ld -L../../Project_PS_bsp/ps7_cortexa9_0/lib -o "Project_PS.elf"  ./src/platform.o ./src/project_PS.o   -Wl,--start-group,-lxil,-lgcc,-lc,--end-group
./src/project_PS.o: In function `networkPSsigmoid':
C:\Users\AlaiC\Desktop\project_test\project_test.sdk\Project_PS\Debug/../src/project_PS.c:1331: undefined reference to `exp'
collect2.exe: error: ld returned 1 exit status
make: *** [makefile:41: Project_PS.elf] Error 1
20:16:21 **** Auto Build of configuration Debug for project Project_PS ****
make pre-build main-build 
a9-linaro-pre-build-step
' '
'Building target: Project_PS.elf'
'Invoking: ARM v7 gcc linker'
arm-none-eabi-gcc -mcpu=cortex-a9 -mfpu=vfpv3 -mfloat-abi=hard -Wl,-build-id=none -specs=Xilinx.spec -Wl,-T -Wl,../src/lscript.ld -L../../Project_PS_bsp/ps7_cortexa9_0/lib -o "Project_PS.elf"  ./src/platform.o ./src/project_PS.o   -Wl,--start-group,-lxil,-lgcc,-lc,--end-group
./src/project_PS.o: In function `networkPSsigmoid':
C:\Users\AlaiC\Desktop\project_test\project_test.sdk\Project_PS\Debug/../src/project_PS.c:1331: undefined reference to `exp'
collect2.exe: error: ld returned 1 exit status
make: *** [makefile:41: Project_PS.elf] Error 1
20:21:54 **** Clean-only build of configuration Debug for project Project_PS ****
make clean 
rm -rf  ./src/platform.o ./src/project_PS.o  ./src/platform.d ./src/project_PS.d  Project_PS.elf.size  Project_PS.elf
' '
20:21:54 **** Auto Build of configuration Debug for project Project_PS ****
make pre-build main-build 
a9-linaro-pre-build-step
' '
'Building file: ../src/platform.c'
'Invoking: ARM v7 gcc compiler'
arm-none-eabi-gcc -Wall -O0 -g3 -c -fmessage-length=0 -MT"src/platform.o" -mcpu=cortex-a9 -mfpu=vfpv3 -mfloat-abi=hard -I../../Project_PS_bsp/ps7_cortexa9_0/include -MMD -MP -MF"src/platform.d" -MT"src/platform.o" -o "src/platform.o" "../src/platform.c"
'Finished building: ../src/platform.c'
' '
'Building file: ../src/project_PS.c'
'Invoking: ARM v7 gcc compiler'
arm-none-eabi-gcc -Wall -O0 -g3 -c -fmessage-length=0 -MT"src/project_PS.o" -mcpu=cortex-a9 -mfpu=vfpv3 -mfloat-abi=hard -I../../Project_PS_bsp/ps7_cortexa9_0/include -MMD -MP -MF"src/project_PS.d" -MT"src/project_PS.o" -o "src/project_PS.o" "../src/project_PS.c"
../src/project_PS.c:91:3: warning: #warning CHECK FOR THE VALID DDR ADDRESS IN XPARAMETERS.H, DEFAULT SET TO 0x01000000 [-Wcpp]
  #warning CHECK FOR THE VALID DDR ADDRESS IN XPARAMETERS.H, \
   ^~~~~~~
../src/project_PS.c: In function 'main':
../src/project_PS.c:257:7: warning: unused variable 'Image' [-Wunused-variable]
   int Image;
       ^~~~~
../src/project_PS.c:255:13: warning: unused variable 'ImageCount' [-Wunused-variable]
   const int ImageCount = 500; // Cannot be larger than the data in images_fixed.c
             ^~~~~~~~~~
../src/project_PS.c:254:16: warning: unused variable 'No' [-Wunused-variable]
   int Yes = 0, No = 0;
                ^~
../src/project_PS.c:254:7: warning: unused variable 'Yes' [-Wunused-variable]
   int Yes = 0, No = 0;
       ^~~
../src/project_PS.c:253:7: warning: unused variable 'InferredLabel' [-Wunused-variable]
   int InferredLabel;   // Network's final answer
       ^~~~~~~~~~~~~
../src/project_PS.c: At top level:
../src/project_PS.c:190:13: warning: 'anExampleCalculation' declared 'static' but never defined [-Wunused-function]
  static int anExampleCalculation(int* image);
             ^~~~~~~~~~~~~~~~~~~~
../src/project_PS.c:191:13: warning: 'VerifyWithPs' declared 'static' but never defined [-Wunused-function]
  static int VerifyWithPs();
             ^~~~~~~~~~~~
../src/project_PS.c:1186:12: warning: 'SendRxBd' defined but not used [-Wunused-function]
 static int SendRxBd(XAxiDma * AxiDmaInstPtr) {
            ^~~~~~~~
../src/project_PS.c:1055:12: warning: 'SendScatteredPacket' defined but not used [-Wunused-function]
 static int SendScatteredPacket(XAxiDma * AxiDmaInstPtr, \
            ^~~~~~~~~~~~~~~~~~~
../src/project_PS.c:902:12: warning: 'SendConsecutivePacket' defined but not used [-Wunused-function]
 static int SendConsecutivePacket(XAxiDma * AxiDmaInstPtr, \
            ^~~~~~~~~~~~~~~~~~~~~
../src/project_PS.c:217:13: warning: 'OutputLayer' defined but not used [-Wunused-variable]
  static int OutputLayer[OUTPUT_SIZE];
             ^~~~~~~~~~~
../src/project_PS.c:216:13: warning: 'HiddenLayer' defined but not used [-Wunused-variable]
  static int HiddenLayer[HIDDEN_SIZE];
             ^~~~~~~~~~~
'Finished building: ../src/project_PS.c'
' '
'Building target: Project_PS.elf'
'Invoking: ARM v7 gcc linker'
arm-none-eabi-gcc -mcpu=cortex-a9 -mfpu=vfpv3 -mfloat-abi=hard -Wl,-build-id=none -specs=Xilinx.spec -Wl,-T -Wl,../src/lscript.ld -L../../Project_PS_bsp/ps7_cortexa9_0/lib -o "Project_PS.elf"  ./src/platform.o ./src/project_PS.o   -lm -Wl,--start-group,-lxil,-lgcc,-lc,--end-group
'Finished building target: Project_PS.elf'
' '
'Invoking: ARM v7 Print Size'
arm-none-eabi-size Project_PS.elf  |tee "Project_PS.elf.size"
   text	   data	    bss	    dec	    hex	filename
  46052	 104760	  24696	 175508	  2ad94	Project_PS.elf
'Finished building: Project_PS.elf.size'
' '
20:21:56 **** Clean-only build of configuration Debug for project Project_PS ****
make clean 
rm -rf  ./src/platform.o ./src/project_PS.o  ./src/platform.d ./src/project_PS.d  Project_PS.elf.size  Project_PS.elf
' '
20:21:56 **** Auto Build of configuration Debug for project Project_PS ****
make pre-build main-build 
a9-linaro-pre-build-step
' '
'Building file: ../src/platform.c'
'Invoking: ARM v7 gcc compiler'
arm-none-eabi-gcc -Wall -O0 -g3 -c -fmessage-length=0 -MT"src/platform.o" -mcpu=cortex-a9 -mfpu=vfpv3 -mfloat-abi=hard -I../../Project_PS_bsp/ps7_cortexa9_0/include -MMD -MP -MF"src/platform.d" -MT"src/platform.o" -o "src/platform.o" "../src/platform.c"
'Finished building: ../src/platform.c'
' '
'Building file: ../src/project_PS.c'
'Invoking: ARM v7 gcc compiler'
arm-none-eabi-gcc -Wall -O0 -g3 -c -fmessage-length=0 -MT"src/project_PS.o" -mcpu=cortex-a9 -mfpu=vfpv3 -mfloat-abi=hard -I../../Project_PS_bsp/ps7_cortexa9_0/include -MMD -MP -MF"src/project_PS.d" -MT"src/project_PS.o" -o "src/project_PS.o" "../src/project_PS.c"
../src/project_PS.c:91:3: warning: #warning CHECK FOR THE VALID DDR ADDRESS IN XPARAMETERS.H, DEFAULT SET TO 0x01000000 [-Wcpp]
  #warning CHECK FOR THE VALID DDR ADDRESS IN XPARAMETERS.H, \
   ^~~~~~~
../src/project_PS.c: In function 'main':
../src/project_PS.c:257:7: warning: unused variable 'Image' [-Wunused-variable]
   int Image;
       ^~~~~
../src/project_PS.c:255:13: warning: unused variable 'ImageCount' [-Wunused-variable]
   const int ImageCount = 500; // Cannot be larger than the data in images_fixed.c
             ^~~~~~~~~~
../src/project_PS.c:254:16: warning: unused variable 'No' [-Wunused-variable]
   int Yes = 0, No = 0;
                ^~
../src/project_PS.c:254:7: warning: unused variable 'Yes' [-Wunused-variable]
   int Yes = 0, No = 0;
       ^~~
../src/project_PS.c:253:7: warning: unused variable 'InferredLabel' [-Wunused-variable]
   int InferredLabel;   // Network's final answer
       ^~~~~~~~~~~~~
../src/project_PS.c: At top level:
../src/project_PS.c:190:13: warning: 'anExampleCalculation' declared 'static' but never defined [-Wunused-function]
  static int anExampleCalculation(int* image);
             ^~~~~~~~~~~~~~~~~~~~
../src/project_PS.c:191:13: warning: 'VerifyWithPs' declared 'static' but never defined [-Wunused-function]
  static int VerifyWithPs();
             ^~~~~~~~~~~~
../src/project_PS.c:1186:12: warning: 'SendRxBd' defined but not used [-Wunused-function]
 static int SendRxBd(XAxiDma * AxiDmaInstPtr) {
            ^~~~~~~~
../src/project_PS.c:1055:12: warning: 'SendScatteredPacket' defined but not used [-Wunused-function]
 static int SendScatteredPacket(XAxiDma * AxiDmaInstPtr, \
            ^~~~~~~~~~~~~~~~~~~
../src/project_PS.c:902:12: warning: 'SendConsecutivePacket' defined but not used [-Wunused-function]
 static int SendConsecutivePacket(XAxiDma * AxiDmaInstPtr, \
            ^~~~~~~~~~~~~~~~~~~~~
../src/project_PS.c:217:13: warning: 'OutputLayer' defined but not used [-Wunused-variable]
  static int OutputLayer[OUTPUT_SIZE];
             ^~~~~~~~~~~
../src/project_PS.c:216:13: warning: 'HiddenLayer' defined but not used [-Wunused-variable]
  static int HiddenLayer[HIDDEN_SIZE];
             ^~~~~~~~~~~
'Finished building: ../src/project_PS.c'
' '
'Building target: Project_PS.elf'
'Invoking: ARM v7 gcc linker'
arm-none-eabi-gcc -mcpu=cortex-a9 -mfpu=vfpv3 -mfloat-abi=hard -Wl,-build-id=none -specs=Xilinx.spec -Wl,-T -Wl,../src/lscript.ld -L../../Project_PS_bsp/ps7_cortexa9_0/lib -o "Project_PS.elf"  ./src/platform.o ./src/project_PS.o   -lm -Wl,--start-group,-lxil,-lgcc,-lc,--end-group
'Finished building target: Project_PS.elf'
' '
'Invoking: ARM v7 Print Size'
arm-none-eabi-size Project_PS.elf  |tee "Project_PS.elf.size"
   text	   data	    bss	    dec	    hex	filename
  46052	 104760	  24696	 175508	  2ad94	Project_PS.elf
'Finished building: Project_PS.elf.size'
' '
20:28:18 **** Auto Build of project Project_PS_bsp ****
make -k all 
"Running Make include in ps7_cortexa9_0/libsrc/axidma_v9_8/src"
make -C ps7_cortexa9_0/libsrc/axidma_v9_8/src -s include  "SHELL=CMD" "COMPILER=arm-none-eabi-gcc" "ARCHIVER=arm-none-eabi-ar" "COMPILER_FLAGS=  -O2 -c" "EXTRA_COMPILER_FLAGS=-mcpu=cortex-a9 -mfpu=vfpv3 -mfloat-abi=hard -nostartfiles -g -Wall -Wextra"
"Running Make include in ps7_cortexa9_0/libsrc/coresightps_dcc_v1_4/src"
make -C ps7_cortexa9_0/libsrc/coresightps_dcc_v1_4/src -s include  "SHELL=CMD" "COMPILER=arm-none-eabi-gcc" "ARCHIVER=arm-none-eabi-ar" "COMPILER_FLAGS=  -O2 -c" "EXTRA_COMPILER_FLAGS=-mcpu=cortex-a9 -mfpu=vfpv3 -mfloat-abi=hard -nostartfiles -g -Wall -Wextra"
"Running Make include in ps7_cortexa9_0/libsrc/cpu_cortexa9_v2_7/src"
make -C ps7_cortexa9_0/libsrc/cpu_cortexa9_v2_7/src -s include  "SHELL=CMD" "COMPILER=arm-none-eabi-gcc" "ARCHIVER=arm-none-eabi-ar" "COMPILER_FLAGS=  -O2 -c" "EXTRA_COMPILER_FLAGS=-mcpu=cortex-a9 -mfpu=vfpv3 -mfloat-abi=hard -nostartfiles -g -Wall -Wextra"
"Running Make include in ps7_cortexa9_0/libsrc/ddrps_v1_0/src"
make -C ps7_cortexa9_0/libsrc/ddrps_v1_0/src -s include  "SHELL=CMD" "COMPILER=arm-none-eabi-gcc" "ARCHIVER=arm-none-eabi-ar" "COMPILER_FLAGS=  -O2 -c" "EXTRA_COMPILER_FLAGS=-mcpu=cortex-a9 -mfpu=vfpv3 -mfloat-abi=hard -nostartfiles -g -Wall -Wextra"
"Running Make include in ps7_cortexa9_0/libsrc/devcfg_v3_5/src"
make -C ps7_cortexa9_0/libsrc/devcfg_v3_5/src -s include  "SHELL=CMD" "COMPILER=arm-none-eabi-gcc" "ARCHIVER=arm-none-eabi-ar" "COMPILER_FLAGS=  -O2 -c" "EXTRA_COMPILER_FLAGS=-mcpu=cortex-a9 -mfpu=vfpv3 -mfloat-abi=hard -nostartfiles -g -Wall -Wextra"
"Running Make include in ps7_cortexa9_0/libsrc/dmaps_v2_4/src"
make -C ps7_cortexa9_0/libsrc/dmaps_v2_4/src -s include  "SHELL=CMD" "COMPILER=arm-none-eabi-gcc" "ARCHIVER=arm-none-eabi-ar" "COMPILER_FLAGS=  -O2 -c" "EXTRA_COMPILER_FLAGS=-mcpu=cortex-a9 -mfpu=vfpv3 -mfloat-abi=hard -nostartfiles -g -Wall -Wextra"
"Running Make include in ps7_cortexa9_0/libsrc/gpiops_v3_4/src"
make -C ps7_cortexa9_0/libsrc/gpiops_v3_4/src -s include  "SHELL=CMD" "COMPILER=arm-none-eabi-gcc" "ARCHIVER=arm-none-eabi-ar" "COMPILER_FLAGS=  -O2 -c" "EXTRA_COMPILER_FLAGS=-mcpu=cortex-a9 -mfpu=vfpv3 -mfloat-abi=hard -nostartfiles -g -Wall -Wextra"
"Running Make include in ps7_cortexa9_0/libsrc/iicps_v3_8/src"
make -C ps7_cortexa9_0/libsrc/iicps_v3_8/src -s include  "SHELL=CMD" "COMPILER=arm-none-eabi-gcc" "ARCHIVER=arm-none-eabi-ar" "COMPILER_FLAGS=  -O2 -c" "EXTRA_COMPILER_FLAGS=-mcpu=cortex-a9 -mfpu=vfpv3 -mfloat-abi=hard -nostartfiles -g -Wall -Wextra"
"Running Make include in ps7_cortexa9_0/libsrc/mult_accel_core_call_top_v1_0/src"
make -C ps7_cortexa9_0/libsrc/mult_accel_core_call_top_v1_0/src -s include  "SHELL=CMD" "COMPILER=arm-none-eabi-gcc" "ARCHIVER=arm-none-eabi-ar" "COMPILER_FLAGS=  -O2 -c" "EXTRA_COMPILER_FLAGS=-mcpu=cortex-a9 -mfpu=vfpv3 -mfloat-abi=hard -nostartfiles -g -Wall -Wextra"
"Running Make include in ps7_cortexa9_0/libsrc/qspips_v3_5/src"
make -C ps7_cortexa9_0/libsrc/qspips_v3_5/src -s include  "SHELL=CMD" "COMPILER=arm-none-eabi-gcc" "ARCHIVER=arm-none-eabi-ar" "COMPILER_FLAGS=  -O2 -c" "EXTRA_COMPILER_FLAGS=-mcpu=cortex-a9 -mfpu=vfpv3 -mfloat-abi=hard -nostartfiles -g -Wall -Wextra"
"Running Make include in ps7_cortexa9_0/libsrc/scugic_v3_10/src"
make -C ps7_cortexa9_0/libsrc/scugic_v3_10/src -s include  "SHELL=CMD" "COMPILER=arm-none-eabi-gcc" "ARCHIVER=arm-none-eabi-ar" "COMPILER_FLAGS=  -O2 -c" "EXTRA_COMPILER_FLAGS=-mcpu=cortex-a9 -mfpu=vfpv3 -mfloat-abi=hard -nostartfiles -g -Wall -Wextra"
"Running Make include in ps7_cortexa9_0/libsrc/scutimer_v2_1/src"
make -C ps7_cortexa9_0/libsrc/scutimer_v2_1/src -s include  "SHELL=CMD" "COMPILER=arm-none-eabi-gcc" "ARCHIVER=arm-none-eabi-ar" "COMPILER_FLAGS=  -O2 -c" "EXTRA_COMPILER_FLAGS=-mcpu=cortex-a9 -mfpu=vfpv3 -mfloat-abi=hard -nostartfiles -g -Wall -Wextra"
"Running Make include in ps7_cortexa9_0/libsrc/scuwdt_v2_1/src"
make -C ps7_cortexa9_0/libsrc/scuwdt_v2_1/src -s include  "SHELL=CMD" "COMPILER=arm-none-eabi-gcc" "ARCHIVER=arm-none-eabi-ar" "COMPILER_FLAGS=  -O2 -c" "EXTRA_COMPILER_FLAGS=-mcpu=cortex-a9 -mfpu=vfpv3 -mfloat-abi=hard -nostartfiles -g -Wall -Wextra"
"Running Make include in ps7_cortexa9_0/libsrc/sdps_v3_6/src"
make -C ps7_cortexa9_0/libsrc/sdps_v3_6/src -s include  "SHELL=CMD" "COMPILER=arm-none-eabi-gcc" "ARCHIVER=arm-none-eabi-ar" "COMPILER_FLAGS=  -O2 -c" "EXTRA_COMPILER_FLAGS=-mcpu=cortex-a9 -mfpu=vfpv3 -mfloat-abi=hard -nostartfiles -g -Wall -Wextra"
"Running Make include in ps7_cortexa9_0/libsrc/standalone_v6_8/src"
make -C ps7_cortexa9_0/libsrc/standalone_v6_8/src -s include  "SHELL=CMD" "COMPILER=arm-none-eabi-gcc" "ARCHIVER=arm-none-eabi-ar" "COMPILER_FLAGS=  -O2 -c" "EXTRA_COMPILER_FLAGS=-mcpu=cortex-a9 -mfpu=vfpv3 -mfloat-abi=hard -nostartfiles -g -Wall -Wextra"
"Running Make include in ps7_cortexa9_0/libsrc/uartps_v3_7/src"
make -C ps7_cortexa9_0/libsrc/uartps_v3_7/src -s include  "SHELL=CMD" "COMPILER=arm-none-eabi-gcc" "ARCHIVER=arm-none-eabi-ar" "COMPILER_FLAGS=  -O2 -c" "EXTRA_COMPILER_FLAGS=-mcpu=cortex-a9 -mfpu=vfpv3 -mfloat-abi=hard -nostartfiles -g -Wall -Wextra"
"Running Make include in ps7_cortexa9_0/libsrc/usbps_v2_4/src"
make -C ps7_cortexa9_0/libsrc/usbps_v2_4/src -s include  "SHELL=CMD" "COMPILER=arm-none-eabi-gcc" "ARCHIVER=arm-none-eabi-ar" "COMPILER_FLAGS=  -O2 -c" "EXTRA_COMPILER_FLAGS=-mcpu=cortex-a9 -mfpu=vfpv3 -mfloat-abi=hard -nostartfiles -g -Wall -Wextra"
"Running Make include in ps7_cortexa9_0/libsrc/xadcps_v2_3/src"
make -C ps7_cortexa9_0/libsrc/xadcps_v2_3/src -s include  "SHELL=CMD" "COMPILER=arm-none-eabi-gcc" "ARCHIVER=arm-none-eabi-ar" "COMPILER_FLAGS=  -O2 -c" "EXTRA_COMPILER_FLAGS=-mcpu=cortex-a9 -mfpu=vfpv3 -mfloat-abi=hard -nostartfiles -g -Wall -Wextra"
"Running Make libs in ps7_cortexa9_0/libsrc/axidma_v9_8/src"
make -C ps7_cortexa9_0/libsrc/axidma_v9_8/src -s libs  "SHELL=CMD" "COMPILER=arm-none-eabi-gcc" "ARCHIVER=arm-none-eabi-ar" "COMPILER_FLAGS=  -O2 -c" "EXTRA_COMPILER_FLAGS=-mcpu=cortex-a9 -mfpu=vfpv3 -mfloat-abi=hard -nostartfiles -g -Wall -Wextra"
"Compiling axidma"
arm-none-eabi-ar: creating ../../../lib/libxil.a
"Running Make libs in ps7_cortexa9_0/libsrc/coresightps_dcc_v1_4/src"
make -C ps7_cortexa9_0/libsrc/coresightps_dcc_v1_4/src -s libs  "SHELL=CMD" "COMPILER=arm-none-eabi-gcc" "ARCHIVER=arm-none-eabi-ar" "COMPILER_FLAGS=  -O2 -c" "EXTRA_COMPILER_FLAGS=-mcpu=cortex-a9 -mfpu=vfpv3 -mfloat-abi=hard -nostartfiles -g -Wall -Wextra"
"Compiling coresightps_dcc"
"Running Make libs in ps7_cortexa9_0/libsrc/cpu_cortexa9_v2_7/src"
make -C ps7_cortexa9_0/libsrc/cpu_cortexa9_v2_7/src -s libs  "SHELL=CMD" "COMPILER=arm-none-eabi-gcc" "ARCHIVER=arm-none-eabi-ar" "COMPILER_FLAGS=  -O2 -c" "EXTRA_COMPILER_FLAGS=-mcpu=cortex-a9 -mfpu=vfpv3 -mfloat-abi=hard -nostartfiles -g -Wall -Wextra"
"Compiling cpu_cortexa9"
"Running Make libs in ps7_cortexa9_0/libsrc/ddrps_v1_0/src"
make -C ps7_cortexa9_0/libsrc/ddrps_v1_0/src -s libs  "SHELL=CMD" "COMPILER=arm-none-eabi-gcc" "ARCHIVER=arm-none-eabi-ar" "COMPILER_FLAGS=  -O2 -c" "EXTRA_COMPILER_FLAGS=-mcpu=cortex-a9 -mfpu=vfpv3 -mfloat-abi=hard -nostartfiles -g -Wall -Wextra"
"Compiling ddrps"
"Running Make libs in ps7_cortexa9_0/libsrc/devcfg_v3_5/src"
make -C ps7_cortexa9_0/libsrc/devcfg_v3_5/src -s libs  "SHELL=CMD" "COMPILER=arm-none-eabi-gcc" "ARCHIVER=arm-none-eabi-ar" "COMPILER_FLAGS=  -O2 -c" "EXTRA_COMPILER_FLAGS=-mcpu=cortex-a9 -mfpu=vfpv3 -mfloat-abi=hard -nostartfiles -g -Wall -Wextra"
"Compiling devcfg"
"Running Make libs in ps7_cortexa9_0/libsrc/dmaps_v2_4/src"
make -C ps7_cortexa9_0/libsrc/dmaps_v2_4/src -s libs  "SHELL=CMD" "COMPILER=arm-none-eabi-gcc" "ARCHIVER=arm-none-eabi-ar" "COMPILER_FLAGS=  -O2 -c" "EXTRA_COMPILER_FLAGS=-mcpu=cortex-a9 -mfpu=vfpv3 -mfloat-abi=hard -nostartfiles -g -Wall -Wextra"
"Compiling dmaps"
"Running Make libs in ps7_cortexa9_0/libsrc/gpiops_v3_4/src"
[...]
  ^~~~~~
../src/project_PS.c:212:1: error: expected '=', ',', ';', 'asm' or '__attribute__' before '{' token
 {
 ^
../src/project_PS.c:302:1: error: expected '=', ',', ';', 'asm' or '__attribute__' before '{' token
 {
 ^
../src/project_PS.c:346:1: error: expected '=', ',', ';', 'asm' or '__attribute__' before '{' token
 {
 ^
../src/project_PS.c:360:1: error: parameter 'xmmult_config' is initialized
 XMult_accel_core_call_Config xmmult_config = {
 ^~~~~~~~~~~~~~~~~~~~~~~~~~~~
../src/project_PS.c:365:43: error: expected '=', ',', ';', 'asm' or '__attribute__' before '{' token
 static void XMmultStart(void *InstancePtr){
                                           ^
../src/project_PS.c:376:1: error: expected '=', ',', ';', 'asm' or '__attribute__' before '{' token
 {
 ^
../src/project_PS.c:390:1: error: expected '=', ',', ';', 'asm' or '__attribute__' before '{' token
 {
 ^
../src/project_PS.c:442:42: error: expected '=', ',', ';', 'asm' or '__attribute__' before '{' token
 static int networkPSargmax(float* result){
                                          ^
../src/project_PS.c:451:39: error: expected '=', ',', ';', 'asm' or '__attribute__' before '{' token
 static float networkPSsigmoid(float z){
                                       ^
../src/project_PS.c:457:139: error: expected '=', ',', ';', 'asm' or '__attribute__' before '{' token
 static void networkPSfeedforward(float* weights, float* biases, float* input_vector, int size_of_input, int size_of_result, float* result){
                                                                                                                                           ^
../src/project_PS.c:476:139: error: expected '=', ',', ';', 'asm' or '__attribute__' before '{' token
 static void networkPLfeedforward(float* weights, float* biases, float* input_vector, int size_of_input, int size_of_result, float* result){
                                                                                                                                           ^
../src/project_PS.c:494:27: error: expected '=', ',', ';', 'asm' or '__attribute__' before '{' token
 static void networkPSrun(){
                           ^
../src/project_PS.c:165:13: error: old-style parameter declarations in prototyped function definition
  static int init_dma(XAxiDma *axiDmaPtr)
             ^~~~~~~~
../src/project_PS.c:526:1: error: expected '{' at end of input
 }
 ^
../src/project_PS.c:526:1: warning: no return statement in function returning non-void [-Wreturn-type]
At top level:
../src/project_PS.c:165:13: warning: 'init_dma' defined but not used [-Wunused-function]
  static int init_dma(XAxiDma *axiDmaPtr)
             ^~~~~~~~
In file included from ../src/project_PS.c:25:0:
../src/network_data.h:22:14: warning: 'bias_1' defined but not used [-Wunused-variable]
 static float bias_1[10] =
              ^~~~~~
In file included from ../src/project_PS.c:25:0:
../src/network_data.h:20:14: warning: 'bias_0' defined but not used [-Wunused-variable]
 static float bias_0[30] =
              ^~~~~~
In file included from ../src/project_PS.c:25:0:
../src/network_data.h:18:14: warning: 'layer_1' defined but not used [-Wunused-variable]
 static float layer_1[300] =
              ^~~~~~~
In file included from ../src/project_PS.c:25:0:
../src/network_data.h:16:14: warning: 'layer_0' defined but not used [-Wunused-variable]
 static float layer_0[23520] =
              ^~~~~~~
In file included from ../src/project_PS.c:25:0:
../src/network_data.h:13:14: warning: 'image' defined but not used [-Wunused-variable]
 static float image[2][784] =
              ^~~~~
../src/network_data.h:11:12: warning: 'ground_truth' defined but not used [-Wunused-variable]
 static int ground_truth[2] = {4,0};
            ^~~~~~~~~~~~
../src/network_data.h:9:12: warning: 'size_hidden_layer' defined but not used [-Wunused-variable]
 static int size_hidden_layer = 30;
            ^~~~~~~~~~~~~~~~~
../src/network_data.h:8:12: warning: 'image_size' defined but not used [-Wunused-variable]
 static int image_size = 784;
            ^~~~~~~~~~
../src/network_data.h:7:12: warning: 'number_of_images' defined but not used [-Wunused-variable]
 static int number_of_images = 2;
            ^~~~~~~~~~~~~~~~
make: *** [src/subdir.mk:26: src/project_PS.o] Error 1
20:07:18 **** Auto Build of configuration Debug for project Project_PS ****
make pre-build main-build 
a9-linaro-pre-build-step
' '
'Building file: ../src/project_PS.c'
'Invoking: ARM v7 gcc compiler'
arm-none-eabi-gcc -Wall -O0 -g3 -c -fmessage-length=0 -MT"src/project_PS.o" -mcpu=cortex-a9 -mfpu=vfpv3 -mfloat-abi=hard -I../../Project_PS_bsp/ps7_cortexa9_0/include -MMD -MP -MF"src/project_PS.d" -MT"src/project_PS.o" -o "src/project_PS.o" "../src/project_PS.c"
../src/project_PS.c:83:3: warning: #warning CHECK FOR THE VALID DDR ADDRESS IN XPARAMETERS.H, DEFAULT SET TO 0x01000000 [-Wcpp]
  #warning CHECK FOR THE VALID DDR ADDRESS IN XPARAMETERS.H, \
   ^~~~~~~
../src/project_PS.c: In function 'main':
../src/project_PS.c:264:2: warning: implicit declaration of function 'DisableIntrSystem' [-Wimplicit-function-declaration]
  DisableIntrSystem(&Intc, TX_INTR_ID, RX_INTR_ID);
  ^~~~~~~~~~~~~~~~~
../src/project_PS.c:235:7: warning: unused variable 'Image' [-Wunused-variable]
   int Image;
       ^~~~~
../src/project_PS.c:233:13: warning: unused variable 'ImageCount' [-Wunused-variable]
   const int ImageCount = 500; // Cannot be larger than the data in images_fixed.c
             ^~~~~~~~~~
../src/project_PS.c:232:16: warning: unused variable 'No' [-Wunused-variable]
   int Yes = 0, No = 0;
                ^~
../src/project_PS.c:232:7: warning: unused variable 'Yes' [-Wunused-variable]
   int Yes = 0, No = 0;
       ^~~
../src/project_PS.c:231:7: warning: unused variable 'InferredLabel' [-Wunused-variable]
   int InferredLabel;   // Network's final answer
       ^~~~~~~~~~~~~
../src/project_PS.c: At top level:
../src/project_PS.c:344:13: warning: conflicting types for 'DisableIntrSystem'
 static void DisableIntrSystem(INTC * IntcInstancePtr,
             ^~~~~~~~~~~~~~~~~
../src/project_PS.c:344:13: error: static declaration of 'DisableIntrSystem' follows non-static declaration
../src/project_PS.c:264:2: note: previous implicit declaration of 'DisableIntrSystem' was here
  DisableIntrSystem(&Intc, TX_INTR_ID, RX_INTR_ID);
  ^~~~~~~~~~~~~~~~~
../src/project_PS.c:344:13: warning: 'DisableIntrSystem' defined but not used [-Wunused-function]
 static void DisableIntrSystem(INTC * IntcInstancePtr,
             ^~~~~~~~~~~~~~~~~
../src/project_PS.c:192:13: warning: 'OutputLayer' defined but not used [-Wunused-variable]
  static int OutputLayer[OUTPUT_SIZE];
             ^~~~~~~~~~~
../src/project_PS.c:191:13: warning: 'HiddenLayer' defined but not used [-Wunused-variable]
  static int HiddenLayer[HIDDEN_SIZE];
             ^~~~~~~~~~~
../src/project_PS.c:187:19: warning: 'ZeroBuffer' defined but not used [-Wunused-const-variable=]
  static const int ZeroBuffer[ACC_VEC_LEN] = {0};
                   ^~~~~~~~~~
In file included from ../src/project_PS.c:25:0:
../src/network_data.h:9:12: warning: 'size_hidden_layer' defined but not used [-Wunused-variable]
 static int size_hidden_layer = 30;
            ^~~~~~~~~~~~~~~~~
make: *** [src/subdir.mk:26: src/project_PS.o] Error 1
20:08:11 **** Auto Build of configuration Debug for project Project_PS ****
make pre-build main-build 
a9-linaro-pre-build-step
' '
'Building file: ../src/project_PS.c'
'Invoking: ARM v7 gcc compiler'
arm-none-eabi-gcc -Wall -O0 -g3 -c -fmessage-length=0 -MT"src/project_PS.o" -mcpu=cortex-a9 -mfpu=vfpv3 -mfloat-abi=hard -I../../Project_PS_bsp/ps7_cortexa9_0/include -MMD -MP -MF"src/project_PS.d" -MT"src/project_PS.o" -o "src/project_PS.o" "../src/project_PS.c"
../src/project_PS.c:83:3: warning: #warning CHECK FOR THE VALID DDR ADDRESS IN XPARAMETERS.H, DEFAULT SET TO 0x01000000 [-Wcpp]
  #warning CHECK FOR THE VALID DDR ADDRESS IN XPARAMETERS.H, \
   ^~~~~~~
../src/project_PS.c: In function 'main':
../src/project_PS.c:248:2: warning: implicit declaration of function 'DisableIntrSystem' [-Wimplicit-function-declaration]
  DisableIntrSystem(&Intc, TX_INTR_ID, RX_INTR_ID);
  ^~~~~~~~~~~~~~~~~
../src/project_PS.c:219:7: warning: unused variable 'Image' [-Wunused-variable]
   int Image;
       ^~~~~
../src/project_PS.c:217:13: warning: unused variable 'ImageCount' [-Wunused-variable]
   const int ImageCount = 500; // Cannot be larger than the data in images_fixed.c
             ^~~~~~~~~~
../src/project_PS.c:216:16: warning: unused variable 'No' [-Wunused-variable]
   int Yes = 0, No = 0;
                ^~
../src/project_PS.c:216:7: warning: unused variable 'Yes' [-Wunused-variable]
   int Yes = 0, No = 0;
       ^~~
../src/project_PS.c:215:7: warning: unused variable 'InferredLabel' [-Wunused-variable]
   int InferredLabel;   // Network's final answer
       ^~~~~~~~~~~~~
../src/project_PS.c: At top level:
../src/project_PS.c:328:13: warning: conflicting types for 'DisableIntrSystem'
 static void DisableIntrSystem(INTC * IntcInstancePtr,
             ^~~~~~~~~~~~~~~~~
../src/project_PS.c:328:13: error: static declaration of 'DisableIntrSystem' follows non-static declaration
../src/project_PS.c:248:2: note: previous implicit declaration of 'DisableIntrSystem' was here
  DisableIntrSystem(&Intc, TX_INTR_ID, RX_INTR_ID);
  ^~~~~~~~~~~~~~~~~
../src/project_PS.c:328:13: warning: 'DisableIntrSystem' defined but not used [-Wunused-function]
 static void DisableIntrSystem(INTC * IntcInstancePtr,
             ^~~~~~~~~~~~~~~~~
In file included from ../src/project_PS.c:25:0:
../src/network_data.h:9:12: warning: 'size_hidden_layer' defined but not used [-Wunused-variable]
 static int size_hidden_layer = 30;
            ^~~~~~~~~~~~~~~~~
make: *** [src/subdir.mk:26: src/project_PS.o] Error 1
20:08:33 **** Auto Build of configuration Debug for project Project_PS ****
make pre-build main-build 
a9-linaro-pre-build-step
' '
'Building file: ../src/project_PS.c'
'Invoking: ARM v7 gcc compiler'
arm-none-eabi-gcc -Wall -O0 -g3 -c -fmessage-length=0 -MT"src/project_PS.o" -mcpu=cortex-a9 -mfpu=vfpv3 -mfloat-abi=hard -I../../Project_PS_bsp/ps7_cortexa9_0/include -MMD -MP -MF"src/project_PS.d" -MT"src/project_PS.o" -o "src/project_PS.o" "../src/project_PS.c"
../src/project_PS.c:83:3: warning: #warning CHECK FOR THE VALID DDR ADDRESS IN XPARAMETERS.H, DEFAULT SET TO 0x01000000 [-Wcpp]
  #warning CHECK FOR THE VALID DDR ADDRESS IN XPARAMETERS.H, \
   ^~~~~~~
../src/project_PS.c: In function 'main':
../src/project_PS.c:248:2: warning: implicit declaration of function 'DisableIntrSystem' [-Wimplicit-function-declaration]
  DisableIntrSystem(&Intc, TX_INTR_ID, RX_INTR_ID);
  ^~~~~~~~~~~~~~~~~
../src/project_PS.c:219:7: warning: unused variable 'Image' [-Wunused-variable]
   int Image;
       ^~~~~
../src/project_PS.c:217:13: warning: unused variable 'ImageCount' [-Wunused-variable]
   const int ImageCount = 500; // Cannot be larger than the data in images_fixed.c
             ^~~~~~~~~~
../src/project_PS.c:216:16: warning: unused variable 'No' [-Wunused-variable]
   int Yes = 0, No = 0;
                ^~
../src/project_PS.c:216:7: warning: unused variable 'Yes' [-Wunused-variable]
   int Yes = 0, No = 0;
       ^~~
../src/project_PS.c:215:7: warning: unused variable 'InferredLabel' [-Wunused-variable]
   int InferredLabel;   // Network's final answer
       ^~~~~~~~~~~~~
In file included from ../src/project_PS.c:25:0:
At top level:
../src/network_data.h:9:12: warning: 'size_hidden_layer' defined but not used [-Wunused-variable]
 static int size_hidden_layer = 30;
            ^~~~~~~~~~~~~~~~~
'Finished building: ../src/project_PS.c'
' '
'Building target: Project_PS.elf'
'Invoking: ARM v7 gcc linker'
arm-none-eabi-gcc -mcpu=cortex-a9 -mfpu=vfpv3 -mfloat-abi=hard -Wl,-build-id=none -specs=Xilinx.spec -Wl,-T -Wl,../src/lscript.ld -L../../Project_PS_bsp/ps7_cortexa9_0/lib -o "Project_PS.elf"  ./src/platform.o ./src/project_PS.o   -lm -Wl,--start-group,-lxil,-lgcc,-lc,--end-group
./src/project_PS.o: In function `main':
C:\Users\AlaiC\Desktop\project_test\project_test.sdk\Project_PS\Debug/../src/project_PS.c:248: undefined reference to `DisableIntrSystem'
collect2.exe: error: ld returned 1 exit status
make: *** [makefile:41: Project_PS.elf] Error 1
20:10:47 **** Auto Build of configuration Debug for project Project_PS ****
make pre-build main-build 
a9-linaro-pre-build-step
' '
'Building file: ../src/project_PS.c'
'Invoking: ARM v7 gcc compiler'
arm-none-eabi-gcc -Wall -O0 -g3 -c -fmessage-length=0 -MT"src/project_PS.o" -mcpu=cortex-a9 -mfpu=vfpv3 -mfloat-abi=hard -I../../Project_PS_bsp/ps7_cortexa9_0/include -MMD -MP -MF"src/project_PS.d" -MT"src/project_PS.o" -o "src/project_PS.o" "../src/project_PS.c"
../src/project_PS.c:83:3: warning: #warning CHECK FOR THE VALID DDR ADDRESS IN XPARAMETERS.H, DEFAULT SET TO 0x01000000 [-Wcpp]
  #warning CHECK FOR THE VALID DDR ADDRESS IN XPARAMETERS.H, \
   ^~~~~~~
../src/project_PS.c: In function 'main':
../src/project_PS.c:219:7: warning: unused variable 'Image' [-Wunused-variable]
   int Image;
       ^~~~~
../src/project_PS.c:217:13: warning: unused variable 'ImageCount' [-Wunused-variable]
   const int ImageCount = 500; // Cannot be larger than the data in images_fixed.c
             ^~~~~~~~~~
../src/project_PS.c:216:16: warning: unused variable 'No' [-Wunused-variable]
   int Yes = 0, No = 0;
                ^~
../src/project_PS.c:216:7: warning: unused variable 'Yes' [-Wunused-variable]
   int Yes = 0, No = 0;
       ^~~
../src/project_PS.c:215:7: warning: unused variable 'InferredLabel' [-Wunused-variable]
   int InferredLabel;   // Network's final answer
       ^~~~~~~~~~~~~
At top level:
../src/project_PS.c:175:14: warning: 'Intc' defined but not used [-Wunused-variable]
  static INTC Intc; /* Instance of the Interrupt Controller */
              ^~~~
In file included from ../src/project_PS.c:25:0:
../src/network_data.h:9:12: warning: 'size_hidden_layer' defined but not used [-Wunused-variable]
 static int size_hidden_layer = 30;
            ^~~~~~~~~~~~~~~~~
'Finished building: ../src/project_PS.c'
' '
'Building target: Project_PS.elf'
'Invoking: ARM v7 gcc linker'
arm-none-eabi-gcc -mcpu=cortex-a9 -mfpu=vfpv3 -mfloat-abi=hard -Wl,-build-id=none -specs=Xilinx.spec -Wl,-T -Wl,../src/lscript.ld -L../../Project_PS_bsp/ps7_cortexa9_0/lib -o "Project_PS.elf"  ./src/platform.o ./src/project_PS.o   -lm -Wl,--start-group,-lxil,-lgcc,-lc,--end-group
'Finished building target: Project_PS.elf'
' '
'Invoking: ARM v7 Print Size'
arm-none-eabi-size Project_PS.elf  |tee "Project_PS.elf.size"
   text	   data	    bss	    dec	    hex	filename
  40920	 104016	  24536	 169472	  29600	Project_PS.elf
'Finished building: Project_PS.elf.size'
' '
20:13:46 **** Auto Build of configuration Debug for project Project_PS ****
make pre-build main-build 
a9-linaro-pre-build-step
' '
'Building file: ../src/project_PS.c'
'Invoking: ARM v7 gcc compiler'
arm-none-eabi-gcc -Wall -O0 -g3 -c -fmessage-length=0 -MT"src/project_PS.o" -mcpu=cortex-a9 -mfpu=vfpv3 -mfloat-abi=hard -I../../Project_PS_bsp/ps7_cortexa9_0/include -MMD -MP -MF"src/project_PS.d" -MT"src/project_PS.o" -o "src/project_PS.o" "../src/project_PS.c"
../src/project_PS.c:83:3: warning: #warning CHECK FOR THE VALID DDR ADDRESS IN XPARAMETERS.H, DEFAULT SET TO 0x01000000 [-Wcpp]
  #warning CHECK FOR THE VALID DDR ADDRESS IN XPARAMETERS.H, \
   ^~~~~~~
../src/project_PS.c:175:14: warning: 'Intc' defined but not used [-Wunused-variable]
  static INTC Intc; /* Instance of the Interrupt Controller */
              ^~~~
In file included from ../src/project_PS.c:25:0:
../src/network_data.h:9:12: warning: 'size_hidden_layer' defined but not used [-Wunused-variable]
 static int size_hidden_layer = 30;
            ^~~~~~~~~~~~~~~~~
'Finished building: ../src/project_PS.c'
' '
'Building target: Project_PS.elf'
'Invoking: ARM v7 gcc linker'
arm-none-eabi-gcc -mcpu=cortex-a9 -mfpu=vfpv3 -mfloat-abi=hard -Wl,-build-id=none -specs=Xilinx.spec -Wl,-T -Wl,../src/lscript.ld -L../../Project_PS_bsp/ps7_cortexa9_0/lib -o "Project_PS.elf"  ./src/platform.o ./src/project_PS.o   -lm -Wl,--start-group,-lxil,-lgcc,-lc,--end-group
'Finished building target: Project_PS.elf'
' '
'Invoking: ARM v7 Print Size'
arm-none-eabi-size Project_PS.elf  |tee "Project_PS.elf.size"
   text	   data	    bss	    dec	    hex	filename
  40856	 104016	  24536	 169408	  295c0	Project_PS.elf
'Finished building: Project_PS.elf.size'
' '
20:14:01 **** Auto Build of configuration Debug for project Project_PS ****
make pre-build main-build 
a9-linaro-pre-build-step
' '
'Building file: ../src/project_PS.c'
'Invoking: ARM v7 gcc compiler'
arm-none-eabi-gcc -Wall -O0 -g3 -c -fmessage-length=0 -MT"src/project_PS.o" -mcpu=cortex-a9 -mfpu=vfpv3 -mfloat-abi=hard -I../../Project_PS_bsp/ps7_cortexa9_0/include -MMD -MP -MF"src/project_PS.d" -MT"src/project_PS.o" -o "src/project_PS.o" "../src/project_PS.c"
../src/project_PS.c:83:3: warning: #warning CHECK FOR THE VALID DDR ADDRESS IN XPARAMETERS.H, DEFAULT SET TO 0x01000000 [-Wcpp]
  #warning CHECK FOR THE VALID DDR ADDRESS IN XPARAMETERS.H, \
   ^~~~~~~
In file included from ../src/project_PS.c:25:0:
../src/network_data.h:9:12: warning: 'size_hidden_layer' defined but not used [-Wunused-variable]
 static int size_hidden_layer = 30;
            ^~~~~~~~~~~~~~~~~
'Finished building: ../src/project_PS.c'
' '
'Building target: Project_PS.elf'
'Invoking: ARM v7 gcc linker'
arm-none-eabi-gcc -mcpu=cortex-a9 -mfpu=vfpv3 -mfloat-abi=hard -Wl,-build-id=none -specs=Xilinx.spec -Wl,-T -Wl,../src/lscript.ld -L../../Project_PS_bsp/ps7_cortexa9_0/lib -o "Project_PS.elf"  ./src/platform.o ./src/project_PS.o   -lm -Wl,--start-group,-lxil,-lgcc,-lc,--end-group
'Finished building target: Project_PS.elf'
' '
'Invoking: ARM v7 Print Size'
arm-none-eabi-size Project_PS.elf  |tee "Project_PS.elf.size"
   text	   data	    bss	    dec	    hex	filename
  40856	 104016	  24520	 169392	  295b0	Project_PS.elf
'Finished building: Project_PS.elf.size'
' '
20:14:29 **** Incremental Build of configuration Debug for project Project_PS ****
make pre-build main-build 
a9-linaro-pre-build-step
' '
make: Nothing to be done for 'main-build'.
12:54:57 **** Auto Build of configuration Debug for project Project_PS ****
make pre-build main-build 
a9-linaro-pre-build-step
' '
'Building file: ../src/project_PS.c'
'Invoking: ARM v7 gcc compiler'
arm-none-eabi-gcc -Wall -O0 -g3 -c -fmessage-length=0 -MT"src/project_PS.o" -mcpu=cortex-a9 -mfpu=vfpv3 -mfloat-abi=hard -I../../Project_PS_bsp/ps7_cortexa9_0/include -MMD -MP -MF"src/project_PS.d" -MT"src/project_PS.o" -o "src/project_PS.o" "../src/project_PS.c"
../src/project_PS.c:83:3: warning: #warning CHECK FOR THE VALID DDR ADDRESS IN XPARAMETERS.H, DEFAULT SET TO 0x01000000 [-Wcpp]
  #warning CHECK FOR THE VALID DDR ADDRESS IN XPARAMETERS.H, \
   ^~~~~~~
In file included from ../src/project_PS.c:25:0:
../src/network_data.h:9:12: warning: 'size_hidden_layer' defined but not used [-Wunused-variable]
 static int size_hidden_layer = 30;
            ^~~~~~~~~~~~~~~~~
'Finished building: ../src/project_PS.c'
' '
'Building target: Project_PS.elf'
'Invoking: ARM v7 gcc linker'
arm-none-eabi-gcc -mcpu=cortex-a9 -mfpu=vfpv3 -mfloat-abi=hard -Wl,-build-id=none -specs=Xilinx.spec -Wl,-T -Wl,../src/lscript.ld -L../../Project_PS_bsp/ps7_cortexa9_0/lib -o "Project_PS.elf"  ./src/platform.o ./src/project_PS.o   -lm -Wl,--start-group,-lxil,-lgcc,-lc,--end-group
'Finished building target: Project_PS.elf'
' '
'Invoking: ARM v7 Print Size'
arm-none-eabi-size Project_PS.elf  |tee "Project_PS.elf.size"
   text	   data	    bss	    dec	    hex	filename
  40856	 113440	  24520	 178816	  2ba80	Project_PS.elf
'Finished building: Project_PS.elf.size'
' '
12:55:13 **** Incremental Build of configuration Debug for project Project_PS ****
make pre-build main-build 
a9-linaro-pre-build-step
' '
make: Nothing to be done for 'main-build'.
